[2026-05-07 10:58:11] This is codeql database create codeql-db --language=cpp --command=clang -c bufff_overflow.c -o bufff_overflow.obj --overwrite
[2026-05-07 10:58:11] Log file was started late.
[2026-05-07 10:58:11] [PROGRESS] database create> Initializing database at C:\Users\user\Desktop\lab_doc\harmc\codeql-db.
[2026-05-07 10:58:11] Running plumbing command: codeql database init --overwrite --language=cpp --extractor-options-verbosity=1 --qlconfig-file=C:\Users\user\Desktop\lab_doc\harmc\qlconfig.yml --source-root=C:\Users\user\Desktop\lab_doc\harmc --allow-missing-source-root=false --allow-already-existing -- C:\Users\user\Desktop\lab_doc\harmc\codeql-db
[2026-05-07 10:58:11] Calling plumbing command: codeql resolve languages --extractor-options-verbosity=1 --format=betterjson
[2026-05-07 10:58:11] [DETAILS] resolve languages> Scanning for [codeql-extractor.yml] from F:\qltool\codeql\.codeqlmanifest.json
[2026-05-07 10:58:11] [DETAILS] resolve languages> Parsing F:\qltool\codeql\actions\codeql-extractor.yml.
[2026-05-07 10:58:11] [DETAILS] resolve languages> Parsing F:\qltool\codeql\cpp\codeql-extractor.yml.
[2026-05-07 10:58:11] [DETAILS] resolve languages> Parsing F:\qltool\codeql\csharp\codeql-extractor.yml.
[2026-05-07 10:58:11] [DETAILS] resolve languages> Parsing F:\qltool\codeql\csv\codeql-extractor.yml.
[2026-05-07 10:58:11] [DETAILS] resolve languages> Parsing F:\qltool\codeql\go\codeql-extractor.yml.
[2026-05-07 10:58:11] [DETAILS] resolve languages> Parsing F:\qltool\codeql\html\codeql-extractor.yml.
[2026-05-07 10:58:11] [DETAILS] resolve languages> Parsing F:\qltool\codeql\java\codeql-extractor.yml.
[2026-05-07 10:58:11] [DETAILS] resolve languages> Parsing F:\qltool\codeql\javascript\codeql-extractor.yml.
[2026-05-07 10:58:11] [DETAILS] resolve languages> Parsing F:\qltool\codeql\properties\codeql-extractor.yml.
[2026-05-07 10:58:11] [DETAILS] resolve languages> Parsing F:\qltool\codeql\python\codeql-extractor.yml.
[2026-05-07 10:58:11] [DETAILS] resolve languages> Parsing F:\qltool\codeql\ruby\codeql-extractor.yml.
[2026-05-07 10:58:11] [DETAILS] resolve languages> Parsing F:\qltool\codeql\rust\codeql-extractor.yml.
[2026-05-07 10:58:11] [DETAILS] resolve languages> Parsing F:\qltool\codeql\swift\codeql-extractor.yml.
[2026-05-07 10:58:11] [DETAILS] resolve languages> Parsing F:\qltool\codeql\xml\codeql-extractor.yml.
[2026-05-07 10:58:11] [DETAILS] resolve languages> Parsing F:\qltool\codeql\yaml\codeql-extractor.yml.
[2026-05-07 10:58:11] Plumbing command codeql resolve languages completed:
                      {
                        "aliases" : {
                          "c" : "cpp",
                          "c++" : "cpp",
                          "c-c++" : "cpp",
                          "c-cpp" : "cpp",
                          "c#" : "csharp",
                          "java-kotlin" : "java",
                          "kotlin" : "java",
                          "javascript-typescript" : "javascript",
                          "typescript" : "javascript"
                        },
                        "extractors" : {
                          "actions" : [
                            {
                              "extractor_root" : "F:\\qltool\\codeql\\actions",
                              "extractor_options" : { }
                            }
                          ],
                          "cpp" : [
                            {
                              "extractor_root" : "F:\\qltool\\codeql\\cpp",
                              "extractor_options" : {
                                "scale_timeouts" : {
                                  "title" : "Value to scale compiler introspection timeouts with",
                                  "description" : "The extractor attempts to determine what compiler the source code being extracted is compiled with. To this end the extractor makes additional calls to the compiler, some of which are expected to return within a certain fixed time (either 10s or 15s). On some systems that are under high load this time might be too short, and can be scaled up using this option.\n",
                                  "type" : "string",
                                  "pattern" : "[0-9]+"
                                },
                                "log_verbosity" : {
                                  "title" : "Verbosity of the extractor logging",
                                  "description" : "Set the verbosity of the extractor logging to 'quiet' (0), 'normal' (1), 'chatty' (2), or 'noisy' (3). The default is 'normal'.\n",
                                  "type" : "string",
                                  "pattern" : "[0-3]"
                                }
                              }
                            }
                          ],
                          "csharp" : [
                            {
                              "extractor_root" : "F:\\qltool\\codeql\\csharp",
                              "extractor_options" : {
                                "trap" : {
                                  "title" : "Options pertaining to TRAP.",
                                  "description" : "Options pertaining to TRAP.",
                                  "type" : "object",
                                  "properties" : {
                                    "compression" : {
                                      "title" : "Controls compression for the TRAP files written by the extractor.",
                                      "description" : "This option is only intended for use in debugging the extractor. Accepted values are 'brotli' (the default, to write brotli-compressed TRAP), 'gzip', and 'none' (to write uncompressed TRAP).\n",
                                      "type" : "string",
                                      "pattern" : "^(none|gzip|brotli)$"
                                    }
                                  }
                                },
                                "buildless" : {
                                  "title" : "DEPRECATED - Whether to use buildless (standalone) extraction.",
                                  "description" : "DEPRECATED: Use `--build-mode none` instead.\nA value indicating, which type of extraction the autobuilder should perform. If 'true', then the standalone extractor will be used, otherwise tracing extraction will be performed. The default is 'false'. Note that buildless extraction will generally yield less accurate analysis results, and should only be used in cases where it is not possible to build the code (for example if it uses inaccessible dependencies).\n",
                                  "type" : "string",
                                  "pattern" : "^(false|true)$"
                                },
                                "logging" : {
                                  "title" : "Options pertaining to logging.",
                                  "description" : "Options pertaining to logging.",
                                  "type" : "object",
                                  "properties" : {
                                    "verbosity" : {
                                      "title" : "Extractor logging verbosity level.",
                                      "description" : "Controls the level of verbosity of the extractor. The supported levels are (in order of increasing verbosity):\n  - off\n  - errors\n  - warnings\n  - info or progress\n  - debug or progress+\n  - trace or progress++\n  - progress+++\n",
                                      "type" : "string",
                                      "pattern" : "^(off|errors|warnings|(info|progress)|(debug|progress\\+)|(trace|progress\\+\\+)|progress\\+\\+\\+)$"
                                    }
                                  }
                                },
                                "binlog" : {
                                  "title" : "Binlog",
                                  "description" : "[EXPERIMENTAL] The value is a path to the MsBuild binary log file that should be extracted. This option only works when `--build-mode none` is also specified.\n",
                                  "type" : "array"
                                },
                                "buildless_dependency_dir" : {
                                  "title" : "The path where buildless (standalone) extraction should keep dependencies.",
                                  "description" : "If set, the buildless (standalone) extractor will store dependencies in this directory.\n",
                                  "type" : "string"
                                }
                              }
                            }
                          ],
                          "csv" : [
                            {
                              "extractor_root" : "F:\\qltool\\codeql\\csv"
                            }
                          ],
                          "go" : [
                            {
                              "extractor_root" : "F:\\qltool\\codeql\\go",
                              "extractor_options" : {
                                "extract_tests" : {
                                  "title" : "Whether to include Go test files in the CodeQL database.",
                                  "description" : "A value indicating whether Go test files should be included in the CodeQL database. The default is 'false'.\n",
                                  "type" : "string",
                                  "pattern" : "^(false|true)$"
                                },
                                "extract_vendor_dirs" : {
                                  "title" : "Whether to include Go vendor directories in the CodeQL database.",
                                  "description" : "A value indicating whether Go vendor directories should be included in the CodeQL database. The default is 'false'.\n",
                                  "type" : "string",
                                  "pattern" : "^(false|true)$"
                                }
                              }
                            }
                          ],
                          "html" : [
                            {
                              "extractor_root" : "F:\\qltool\\codeql\\html"
                            }
                          ],
                          "java" : [
                            {
                              "extractor_root" : "F:\\qltool\\codeql\\java",
                              "extractor_options" : {
                                "exclude" : {
                                  "title" : "A glob excluding files from analysis.",
                                  "description" : "A glob indicating what files to exclude from the analysis. This accepts glob patterns that are supported by Java's 'getPathMatcher' implementation.\n",
                                  "type" : "string"
                                },
                                "add_prefer_source" : {
                                  "title" : "Whether to always prefer source files over class files.",
                                  "description" : "A value indicating whether source files should be preferred over class files. If set to 'true', the extraction adds '-Xprefer:source' to the javac command line. If set to 'false', the extraction uses the default javac behavior ('-Xprefer:newer'). The default is 'true'.\n",
                                  "type" : "string",
                                  "pattern" : "^(false|true)$"
                                },
                                "buildless" : {
                                  "title" : "Whether to use buildless (standalone) extraction (experimental).",
                                  "description" : "A value indicating, which type of extraction the autobuilder should perform. If 'true', then the standalone extractor will be used, otherwise tracing extraction will be performed. The default is 'false'. Note that buildless extraction will generally yield less accurate analysis results, and should only be used in cases where it is not possible to build the code (for example if it uses inaccessible dependencies).\n",
                                  "type" : "string",
                                  "pattern" : "^(false|true)$"
                                },
                                "buildless_dependency_dir" : {
                                  "title" : "The path where buildless (standalone) extraction should keep dependencies.",
                                  "description" : "If set, the buildless (standalone) extractor will store dependencies in this directory.\n",
                                  "type" : "string"
                                },
                                "minimize_dependency_jars" : {
                                  "title" : "Whether to rewrite and minimize downloaded JAR dependencies (experimental).",
                                  "description" : "If 'true', JAR dependencies downloaded during extraction will be rewritten to remove unneeded data, such as method bodies. The default is 'false'.\n",
                                  "type" : "string",
                                  "pattern" : "^(false|true)$"
                                }
                              }
                            }
                          ],
                          "javascript" : [
                            {
                              "extractor_root" : "F:\\qltool\\codeql\\javascript",
                              "extractor_options" : {
                                "skip_types" : {
                                  "title" : "Skip type extraction for TypeScript",
                                  "description" : "Whether to skip the extraction of types in a TypeScript application",
                                  "type" : "string",
                                  "pattern" : "^(false|true)$"
                                }
                              }
                            }
                          ],
                          "properties" : [
                            {
                              "extractor_root" : "F:\\qltool\\codeql\\properties"
                            }
                          ],
                          "python" : [
                            {
                              "extractor_root" : "F:\\qltool\\codeql\\python",
                              "extractor_options" : {
                                "logging" : {
                                  "title" : "Options pertaining to logging.",
                                  "description" : "Options pertaining to logging.",
                                  "type" : "object",
                                  "properties" : {
                                    "verbosity" : {
                                      "title" : "Python extractor logging verbosity level.",
                                      "description" : "Controls the level of verbosity of the CodeQL Python extractor.\nThe supported levels are (in order of increasing verbosity):\n\n  - off\n  - errors\n  - warnings\n  - info or progress\n  - debug or progress+\n  - trace or progress++\n  - progress+++\n",
                                      "type" : "string",
                                      "pattern" : "^(off|errors|warnings|(info|progress)|(debug|progress\\+)|(trace|progress\\+\\+)|progress\\+\\+\\+)$"
                                    }
                                  }
                                },
                                "python_executable_name" : {
                                  "title" : "Controls the name of the Python executable used by the Python extractor.",
                                  "description" : "The Python extractor uses platform-dependent heuristics to determine the name of the Python executable to use. Specifying a value for this option overrides the name of the Python executable used by the extractor. Accepted values are py, python and python3. Use this setting with caution, the Python extractor requires Python 3 to run.\n",
                                  "type" : "string",
                                  "pattern" : "^(py|python|python3)$"
                                }
                              }
                            }
                          ],
                          "ruby" : [
                            {
                              "extractor_root" : "F:\\qltool\\codeql\\ruby",
                              "extractor_options" : {
                                "trap" : {
                                  "title" : "Options pertaining to TRAP.",
                                  "description" : "Options pertaining to TRAP.",
                                  "type" : "object",
                                  "properties" : {
                                    "compression" : {
                                      "title" : "Controls compression for the TRAP files written by the extractor.",
                                      "description" : "This option is only intended for use in debugging the extractor. Accepted values are 'gzip' (the default, to write gzip-compressed TRAP) 'zstd' (to write Zstandard-compressed TRAP) and 'none' (to write uncompressed TRAP).\n",
                                      "type" : "string",
                                      "pattern" : "^(none|gzip|zstd)$"
                                    }
                                  }
                                }
                              }
                            }
                          ],
                          "rust" : [
                            {
                              "extractor_root" : "F:\\qltool\\codeql\\rust",
                              "extractor_options" : {
                                "trap" : {
                                  "title" : "Options pertaining to TRAP.",
                                  "description" : "Options pertaining to TRAP.",
                                  "type" : "object",
                                  "properties" : {
                                    "compression" : {
                                      "title" : "Controls compression for the TRAP files written by the extractor.",
                                      "description" : "This option is only intended for use in debugging the extractor. Accepted values are 'gzip' (to write gzip-compressed TRAP) 'zstd' (to write Zstandard-compressed TRAP) and 'none' (the default, to write uncompressed TRAP).\n",
                                      "type" : "string",
                                      "pattern" : "^(none|gzip|zstd)$"
                                    }
                                  }
                                },
                                "cargo_target_dir" : {
                                  "title" : "Directory to use for cargo output files.",
                                  "description" : "This value is an optional path to use as `CARGO_TARGET_DIR` for the internal cargo commands the extractor uses. Pointing it to a persistent directory may reduce execution time of consecutive extractor runs. By default, a new scratch directory is used for each run.\n",
                                  "type" : "string"
                                },
                                "cargo_target" : {
                                  "title" : "Target architecture",
                                  "description" : "Target architecture to use for analysis, analogous to `cargo --target`. By default the host architecture is used.\n",
                                  "type" : "string"
                                },
                                "cargo_features" : {
                                  "title" : "Cargo features to turn on",
                                  "description" : "Comma-separated list of features to turn on. By default all features are enabled. If any features are specified, then only those features are enabled. The `default` feature must be explicitly specified if only default features are desired. Can be repeated.\n",
                                  "type" : "array"
                                },
                                "cargo_cfg_overrides" : {
                                  "title" : "Cargo cfg overrides",
                                  "description" : "Comma-separated list of cfg settings to enable, or disable if prefixed with `-`. Can be repeated.\n",
                                  "type" : "array"
                                },
                                "logging" : {
                                  "title" : "Options pertaining to logging.",
                                  "description" : "Options pertaining to logging.",
                                  "type" : "object",
                                  "properties" : {
                                    "verbosity" : {
                                      "title" : "Extractor logging verbosity level.",
                                      "description" : "Controls the level of verbosity of the extractor. The supported levels are (in order of increasing verbosity):\n  - off\n  - errors\n  - warnings\n  - info or progress\n  - debug or progress+\n  - trace or progress++\n  - progress+++\n",
                                      "type" : "string",
                                      "pattern" : "^(off|errors|warnings|(info|progress)|(debug|progress\\+)|(trace|progress\\+\\+)|progress\\+\\+\\+)$"
                                    },
                                    "flamegraph" : {
                                      "title" : "[Experimental] File path for write flame graph log",
                                      "description" : "Collect flame graph data using the `tracing-flame` crate. To render a flame graph or chart, run the `inferno-flamegraph` command. See also: https://crates.io/crates/tracing-flame\n",
                                      "type" : "string"
                                    }
                                  }
                                },
                                "extract_dependencies_as_source" : {
                                  "title" : "Extract dependencies as source code",
                                  "description" : "Extract the full source code of dependencies instead of only extracting signatures.\n",
                                  "type" : "string",
                                  "pattern" : "^(false|true)$"
                                }
                              }
                            }
                          ],
                          "swift" : [
                            {
                              "extractor_root" : "F:\\qltool\\codeql\\swift"
                            }
                          ],
                          "xml" : [
                            {
                              "extractor_root" : "F:\\qltool\\codeql\\xml"
                            }
                          ],
                          "yaml" : [
                            {
                              "extractor_root" : "F:\\qltool\\codeql\\yaml"
                            }
                          ]
                        }
                      }
[2026-05-07 10:58:11] [PROGRESS] database init> Calculating baseline information in C:\Users\user\Desktop\lab_doc\harmc
[2026-05-07 10:58:11] [SPAMMY] database init> Ignoring the following directories when processing baseline information: .git, .hg, .svn.
[2026-05-07 10:58:11] [DETAILS] database init> Running command in C:\Users\user\Desktop\lab_doc\harmc: F:\qltool\codeql\tools\win64\scc.exe --by-file --exclude-dir .git,.hg,.svn --format json --no-large --no-min .
[2026-05-07 10:58:15] [SPAMMY] database init> Found 5 baseline files for cpp.
[2026-05-07 10:58:15] [PROGRESS] database init> Calculated baseline information for languages: cpp (3.6s).
[2026-05-07 10:58:15] [PROGRESS] database init> Resolving extractor cpp.
[2026-05-07 10:58:15] [DETAILS] database init> Found candidate extractor root for cpp: F:\qltool\codeql\cpp.
[2026-05-07 10:58:15] [PROGRESS] database init> Successfully loaded extractor C/C++ (cpp) from F:\qltool\codeql\cpp.
[2026-05-07 10:58:15] [PROGRESS] database init> Created skeleton CodeQL database at C:\Users\user\Desktop\lab_doc\harmc\codeql-db. This in-progress database is ready to be populated by an extractor.
[2026-05-07 10:58:15] Plumbing command codeql database init completed.
[2026-05-07 10:58:15] [PROGRESS] database create> Running build command: [clang, -c, bufff_overflow.c, -o, bufff_overflow.obj]
[2026-05-07 10:58:15] Running plumbing command: codeql database trace-command --working-dir=C:\Users\user\Desktop\lab_doc\harmc --index-traceless-dbs --no-db-cluster -- C:\Users\user\Desktop\lab_doc\harmc\codeql-db clang -c bufff_overflow.c -o bufff_overflow.obj
[2026-05-07 10:58:15] [PROGRESS] database trace-command> Running command in C:\Users\user\Desktop\lab_doc\harmc: [clang, -c, bufff_overflow.c, -o, bufff_overflow.obj]
[2026-05-07 10:58:16] [build-stderr] bufff_overflow.c:8:4: warning: 'strcpy' is deprecated: This function or variable may be unsafe. Consider using strcpy_s instead. To disable deprecation, use _CRT_SECURE_NO_WARNINGS. See online help for details. [-Wdeprecated-declarations]
[2026-05-07 10:58:16] [build-stderr]     8 |    strcpy(dest, source);
[2026-05-07 10:58:16] [build-stderr]       |    ^
[2026-05-07 10:58:16] [build-stderr] C:\Program Files (x86)\Windows Kits\10\Include\10.0.26100.0\ucrt\string.h:130:1: note: 'strcpy' has been explicitly marked deprecated here
[2026-05-07 10:58:16] [build-stderr]   130 | __DEFINE_CPP_OVERLOAD_STANDARD_FUNC_0_1(
[2026-05-07 10:58:16] [build-stderr]       | ^
[2026-05-07 10:58:16] [build-stderr] C:\Program Files (x86)\Windows Kits\10\Include\10.0.26100.0\ucrt\corecrt.h:874:5: note: expanded from macro '__DEFINE_CPP_OVERLOAD_STANDARD_FUNC_0_1'
[2026-05-07 10:58:16] [build-stderr]   874 |     __DEFINE_CPP_OVERLOAD_STANDARD_FUNC_0_1_EX(_ReturnType, _ReturnPolicy, _DeclSpec, _FuncName, _FuncName##_s, _DstType, _SalAttributeDst, _DstType, _Dst, _TType1, _TArg1)
[2026-05-07 10:58:16] [build-stderr]       |     ^
[2026-05-07 10:58:16] [build-stderr] C:\Program Files (x86)\Windows Kits\10\Include\10.0.26100.0\ucrt\corecrt.h:1933:17: note: expanded from macro '__DEFINE_CPP_OVERLOAD_STANDARD_FUNC_0_1_EX'
[2026-05-07 10:58:16] [build-stderr]  1933 |                 _CRT_INSECURE_DEPRECATE(_SecureFuncName) _DeclSpec _ReturnType __cdecl _FuncName(_SalAttributeDst _DstType *_Dst, _TType1 _TArg1);
[2026-05-07 10:58:16] [build-stderr]       |                 ^
[2026-05-07 10:58:16] [build-stderr] C:\Program Files (x86)\Microsoft Visual Studio\18\BuildTools\VC\Tools\MSVC\14.50.35717\include\vcruntime.h:368:55: note: expanded from macro '_CRT_INSECURE_DEPRECATE'
[2026-05-07 10:58:16] [build-stderr]   368 |         #define _CRT_INSECURE_DEPRECATE(_Replacement) _CRT_DEPRECATE_TEXT(    \
[2026-05-07 10:58:16] [build-stderr]       |                                                       ^
[2026-05-07 10:58:16] [build-stderr] C:\Program Files (x86)\Microsoft Visual Studio\18\BuildTools\VC\Tools\MSVC\14.50.35717\include\vcruntime.h:358:47: note: expanded from macro '_CRT_DEPRECATE_TEXT'
[2026-05-07 10:58:16] [build-stderr]   358 | #define _CRT_DEPRECATE_TEXT(_Text) __declspec(deprecated(_Text))
[2026-05-07 10:58:16] [build-stderr]       |                                               ^
[2026-05-07 10:58:16] [build-stderr] 1 warning generated.
[2026-05-07 10:58:21] Plumbing command codeql database trace-command completed.
[2026-05-07 10:58:21] [PROGRESS] database create> Finalizing database at C:\Users\user\Desktop\lab_doc\harmc\codeql-db.
[2026-05-07 10:58:21] Running plumbing command: codeql database finalize --no-db-cluster -- C:\Users\user\Desktop\lab_doc\harmc\codeql-db
[2026-05-07 10:58:21] Using pre-finalize script F:\qltool\codeql\cpp\tools\pre-finalize.cmd.
[2026-05-07 10:58:21] [PROGRESS] database finalize> Running pre-finalize script F:\qltool\codeql\cpp\tools\pre-finalize.cmd in C:\Users\user\Desktop\lab_doc\harmc.
[2026-05-07 10:58:21] Running plumbing command: codeql database trace-command --working-dir=C:\Users\user\Desktop\lab_doc\harmc --no-tracing -- C:\Users\user\Desktop\lab_doc\harmc\codeql-db F:\qltool\codeql\cpp\tools\pre-finalize.cmd
[2026-05-07 10:58:21] [PROGRESS] database trace-command> Running command in C:\Users\user\Desktop\lab_doc\harmc: [F:\qltool\codeql\cpp\tools\pre-finalize.cmd]
[2026-05-07 10:58:23] Plumbing command codeql database trace-command completed.
[2026-05-07 10:58:23] [PROGRESS] database finalize> Pre-finalize script F:\qltool\codeql\cpp\tools\pre-finalize.cmd completed in 2580 ms.
[2026-05-07 10:58:23] [PROGRESS] database finalize> Running TRAP import for CodeQL database at C:\Users\user\Desktop\lab_doc\harmc\codeql-db...
[2026-05-07 10:58:24] Running plumbing command: codeql dataset import --dbscheme=F:\qltool\codeql\cpp\semmlecode.cpp.dbscheme -- C:\Users\user\Desktop\lab_doc\harmc\codeql-db\db-cpp C:\Users\user\Desktop\lab_doc\harmc\codeql-db\trap\cpp
[2026-05-07 10:58:24] Clearing disk cache since the version file C:\Users\user\Desktop\lab_doc\harmc\codeql-db\db-cpp\default\cache\version does not exist
[2026-05-07 10:58:24] Tuple pool not found. Clearing relations with cached strings
[2026-05-07 10:58:24] Trimming disk cache at C:\Users\user\Desktop\lab_doc\harmc\codeql-db\db-cpp\default\cache in mode clear.
[2026-05-07 10:58:24] Sequence stamp origin is -5916907131291944805
[2026-05-07 10:58:24] Pausing evaluation to hard-clear memory at sequence stamp o+0
[2026-05-07 10:58:24] Unpausing evaluation
[2026-05-07 10:58:24] Pausing evaluation to quickly trim disk at sequence stamp o+1
[2026-05-07 10:58:24] Unpausing evaluation
[2026-05-07 10:58:24] Pausing evaluation to zealously trim disk at sequence stamp o+2
[2026-05-07 10:58:24] Unpausing evaluation
[2026-05-07 10:58:24] Trimming completed (16ms): Purged everything.
[2026-05-07 10:58:24] Scanning for files in C:\Users\user\Desktop\lab_doc\harmc\codeql-db\trap\cpp
[2026-05-07 10:58:24] Found 3 files on disk containing 30 TRAP files (766.62 KiB)
[2026-05-07 10:58:24] [PROGRESS] dataset import> Importing TRAP files
[2026-05-07 10:58:24] Importing cpp_predefined.556f3fee.trap (bufff_overflow.c.5da8ac53_0.trap.tar.zst) (1 of 30)
[2026-05-07 10:58:24] Importing concurrencysal.h.7a7fd8bd.trap (bufff_overflow.c.5da8ac53_0.trap.tar.zst) (2 of 30)
[2026-05-07 10:58:24] Importing sal.h.380d5550.trap (bufff_overflow.c.5da8ac53_0.trap.tar.zst) (3 of 30)
[2026-05-07 10:58:24] Importing vadefs.h.81f1f09e.trap (bufff_overflow.c.5da8ac53_0.trap.tar.zst) (4 of 30)
[2026-05-07 10:58:24] Importing vadefs.h.a3634c13.trap (bufff_overflow.c.5da8ac53_0.trap.tar.zst) (5 of 30)
[2026-05-07 10:58:24] Importing vcruntime.h.60327c30.trap (bufff_overflow.c.5da8ac53_0.trap.tar.zst) (6 of 30)
[2026-05-07 10:58:24] Importing corecrt.h.83413822.trap (bufff_overflow.c.5da8ac53_0.trap.tar.zst) (7 of 30)
[2026-05-07 10:58:24] Importing corecrt_malloc.h.a3262d06.trap (bufff_overflow.c.5da8ac53_0.trap.tar.zst) (8 of 30)
[2026-05-07 10:58:25] Importing __stddef_header_macro.h.14ccfc3e.trap (bufff_overflow.c.5da8ac53_0.trap.tar.zst) (9 of 30)
[2026-05-07 10:58:25] Importing __stddef_ptrdiff_t.h.7292c9c6.trap (bufff_overflow.c.5da8ac53_0.trap.tar.zst) (10 of 30)
[2026-05-07 10:58:25] Importing __stddef_size_t.h.b122ff0a.trap (bufff_overflow.c.5da8ac53_0.trap.tar.zst) (11 of 30)
[2026-05-07 10:58:25] Importing __stddef_wchar_t.h.93a738e2.trap (bufff_overflow.c.5da8ac53_0.trap.tar.zst) (12 of 30)
[2026-05-07 10:58:25] Importing __stddef_null.h.0d947cf6.trap (bufff_overflow.c.5da8ac53_0.trap.tar.zst) (13 of 30)
[2026-05-07 10:58:25] Importing __stddef_max_align_t.h.f1151f61.trap (bufff_overflow.c.5da8ac53_0.trap.tar.zst) (14 of 30)
[2026-05-07 10:58:25] Importing __stddef_offsetof.h.fbb4a9f8.trap (bufff_overflow.c.5da8ac53_0.trap.tar.zst) (15 of 30)
[2026-05-07 10:58:25] Importing stddef.h.ed529e1a.trap (bufff_overflow.c.5da8ac53_0.trap.tar.zst) (16 of 30)
[2026-05-07 10:58:25] Importing corecrt_search.h.363572f4.trap (bufff_overflow.c.5da8ac53_0.trap.tar.zst) (17 of 30)
[2026-05-07 10:58:25] Importing corecrt_wstdlib.h.bc953a6e.trap (bufff_overflow.c.5da8ac53_0.trap.tar.zst) (18 of 30)
[2026-05-07 10:58:25] Importing limits.h.0bdc2ecf.trap (bufff_overflow.c.5da8ac53_0.trap.tar.zst) (19 of 30)
[2026-05-07 10:58:25] Importing limits.h.6e60159c.trap (bufff_overflow.c.5da8ac53_0.trap.tar.zst) (20 of 30)
[2026-05-07 10:58:25] Importing stdlib.h.b096659a.trap (bufff_overflow.c.5da8ac53_0.trap.tar.zst) (21 of 30)
[2026-05-07 10:58:25] Importing errno.h.4af36273.trap (bufff_overflow.c.5da8ac53_0.trap.tar.zst) (22 of 30)
[2026-05-07 10:58:25] Importing vcruntime_string.h.6d36d805.trap (bufff_overflow.c.5da8ac53_0.trap.tar.zst) (23 of 30)
[2026-05-07 10:58:25] Importing corecrt_memcpy_s.h.c02b2255.trap (bufff_overflow.c.5da8ac53_0.trap.tar.zst) (24 of 30)
[2026-05-07 10:58:25] Importing corecrt_memory.h.94cf2f24.trap (bufff_overflow.c.5da8ac53_0.trap.tar.zst) (25 of 30)
[2026-05-07 10:58:25] Importing corecrt_wstring.h.8d805dc6.trap (bufff_overflow.c.5da8ac53_0.trap.tar.zst) (26 of 30)
[2026-05-07 10:58:25] Importing string.h.de55e680.trap (bufff_overflow.c.5da8ac53_0.trap.tar.zst) (27 of 30)
[2026-05-07 10:58:25] Importing bufff_overflow.c.5da8ac53.trap (bufff_overflow.c.5da8ac53_0.trap.tar.zst) (28 of 30)
[2026-05-07 10:58:25] Importing 7762894_0.trap.zst (29 of 30)
[2026-05-07 10:58:25] Importing metadata.trap.gz (30 of 30)
[2026-05-07 10:58:25] [PROGRESS] dataset import> Merging relations
[2026-05-07 10:58:25] Merging 1 fragment for 'builtintypes'.
[2026-05-07 10:58:25] Merged 376 bytes for 'builtintypes'.
[2026-05-07 10:58:25] Merging 1 fragment for 'unspecifiedtype'.
[2026-05-07 10:58:25] Merged 476 bytes for 'unspecifiedtype'.
[2026-05-07 10:58:25] Merging 1 fragment for 'files'.
[2026-05-07 10:58:25] Merged 110 bytes for 'files'.
[2026-05-07 10:58:25] Merging 1 fragment for 'locations_default'.
[2026-05-07 10:58:25] Merged 39756 bytes (38.82 KiB) for 'locations_default'.
[2026-05-07 10:58:25] Merging 1 fragment for 'link_targets'.
[2026-05-07 10:58:25] Merged 26 bytes for 'link_targets'.
[2026-05-07 10:58:25] Merging 1 fragment for 'usertypes'.
[2026-05-07 10:58:25] Merged 179 bytes for 'usertypes'.
[2026-05-07 10:58:25] Merging 1 fragment for 'namespaces'.
[2026-05-07 10:58:25] Merged 26 bytes for 'namespaces'.
[2026-05-07 10:58:25] Merging 1 fragment for 'specialnamequalifyingelements'.
[2026-05-07 10:58:25] Merged 26 bytes for 'specialnamequalifyingelements'.
[2026-05-07 10:58:25] Merging 1 fragment for 'mangled_name'.
[2026-05-07 10:58:25] Merged 855 bytes for 'mangled_name'.
[2026-05-07 10:58:25] Merging 1 fragment for 'specifiers'.
[2026-05-07 10:58:25] Merged 148 bytes for 'specifiers'.
[2026-05-07 10:58:25] Merging 1 fragment for 'numlines'.
[2026-05-07 10:58:25] Merged 240 bytes for 'numlines'.
[2026-05-07 10:58:25] Merging 1 fragment for 'preprocdirects'.
[2026-05-07 10:58:25] Merged 6497 bytes (6.34 KiB) for 'preprocdirects'.
[2026-05-07 10:58:25] Merging 1 fragment for 'preproctext'.
[2026-05-07 10:58:25] Merged 6461 bytes (6.31 KiB) for 'preproctext'.
[2026-05-07 10:58:25] Merging 1 fragment for 'preproctrue'.
[2026-05-07 10:58:25] Merged 195 bytes for 'preproctrue'.
[2026-05-07 10:58:25] Merging 1 fragment for 'preprocfalse'.
[2026-05-07 10:58:25] Merged 205 bytes for 'preprocfalse'.
[2026-05-07 10:58:25] Merging 1 fragment for 'comments'.
[2026-05-07 10:58:25] Merged 3706 bytes (3.62 KiB) for 'comments'.
[2026-05-07 10:58:25] Merging 1 fragment for 'commentbinding'.
[2026-05-07 10:58:25] Merged 1214 bytes (1.19 KiB) for 'commentbinding'.
[2026-05-07 10:58:25] Merging 1 fragment for 'containerparent'.
[2026-05-07 10:58:25] Merged 148 bytes for 'containerparent'.
[2026-05-07 10:58:25] Merging 1 fragment for 'folders'.
[2026-05-07 10:58:25] Merged 84 bytes for 'folders'.
[2026-05-07 10:58:25] Merging 1 fragment for 'preprocpair'.
[2026-05-07 10:58:25] Merged 1193 bytes (1.17 KiB) for 'preprocpair'.
[2026-05-07 10:58:25] Merging 1 fragment for 'includes'.
[2026-05-07 10:58:25] Merged 154 bytes for 'includes'.
[2026-05-07 10:58:25] Merging 1 fragment for 'macroinvocations'.
[2026-05-07 10:58:25] Merged 66259 bytes (64.71 KiB) for 'macroinvocations'.
[2026-05-07 10:58:25] Merging 1 fragment for 'macro_argument_unexpanded'.
[2026-05-07 10:58:25] Merged 73486 bytes (71.76 KiB) for 'macro_argument_unexpanded'.
[2026-05-07 10:58:25] Merging 1 fragment for 'macro_argument_expanded'.
[2026-05-07 10:58:25] Merged 54301 bytes (53.03 KiB) for 'macro_argument_expanded'.
[2026-05-07 10:58:25] Merging 1 fragment for 'type_mentions'.
[2026-05-07 10:58:25] Merged 1871 bytes (1.83 KiB) for 'type_mentions'.
[2026-05-07 10:58:25] Merging 1 fragment for 'functions'.
[2026-05-07 10:58:25] Merged 766 bytes for 'functions'.
[2026-05-07 10:58:25] Merging 1 fragment for 'link_parent'.
[2026-05-07 10:58:25] Merged 409 bytes for 'link_parent'.
[2026-05-07 10:58:25] Merging 1 fragment for 'function_return_type'.
[2026-05-07 10:58:25] Merged 918 bytes for 'function_return_type'.
[2026-05-07 10:58:25] Merging 1 fragment for 'function_prototyped'.
[2026-05-07 10:58:25] Merged 382 bytes for 'function_prototyped'.
[2026-05-07 10:58:25] Merging 1 fragment for 'derivedtypes'.
[2026-05-07 10:58:25] Merged 339 bytes for 'derivedtypes'.
[2026-05-07 10:58:25] Merging 1 fragment for 'pointerishsize'.
[2026-05-07 10:58:25] Merged 93 bytes for 'pointerishsize'.
[2026-05-07 10:58:25] Merging 1 fragment for 'params'.
[2026-05-07 10:58:25] Merged 4237 bytes (4.14 KiB) for 'params'.
[2026-05-07 10:58:25] Merging 1 fragment for 'usertype_alias_kind'.
[2026-05-07 10:58:25] Merged 67 bytes for 'usertype_alias_kind'.
[2026-05-07 10:58:25] Merging 1 fragment for 'typedefbase'.
[2026-05-07 10:58:25] Merged 110 bytes for 'typedefbase'.
[2026-05-07 10:58:25] Merging 1 fragment for 'type_decls'.
[2026-05-07 10:58:25] Merged 203 bytes for 'type_decls'.
[2026-05-07 10:58:25] Merging 1 fragment for 'type_decl_top'.
[2026-05-07 10:58:25] Merged 59 bytes for 'type_decl_top'.
[2026-05-07 10:58:25] Merging 1 fragment for 'fun_decls'.
[2026-05-07 10:58:25] Merged 2087 bytes (2.04 KiB) for 'fun_decls'.
[2026-05-07 10:58:25] Merging 1 fragment for 'fun_decl_specifiers'.
[2026-05-07 10:58:25] Merged 1906 bytes (1.86 KiB) for 'fun_decl_specifiers'.
[2026-05-07 10:58:25] Merging 1 fragment for 'param_decl_bind'.
[2026-05-07 10:58:25] Merged 2677 bytes (2.61 KiB) for 'param_decl_bind'.
[2026-05-07 10:58:25] Merging 1 fragment for 'funspecifiers'.
[2026-05-07 10:58:25] Merged 566 bytes for 'funspecifiers'.
[2026-05-07 10:58:25] Merging 1 fragment for 'var_decls'.
[2026-05-07 10:58:25] Merged 5834 bytes (5.70 KiB) for 'var_decls'.
[2026-05-07 10:58:25] Merging 1 fragment for 'globalvariables'.
[2026-05-07 10:58:25] Merged 38 bytes for 'globalvariables'.
[2026-05-07 10:58:25] Merging 1 fragment for 'var_decl_specifiers'.
[2026-05-07 10:58:25] Merged 28 bytes for 'var_decl_specifiers'.
[2026-05-07 10:58:25] Merging 1 fragment for 'macroparent'.
[2026-05-07 10:58:25] Merged 30958 bytes (30.23 KiB) for 'macroparent'.
[2026-05-07 10:58:25] Merging 1 fragment for 'typespecifiers'.
[2026-05-07 10:58:25] Merged 83 bytes for 'typespecifiers'.
[2026-05-07 10:58:25] Merging 1 fragment for 'varspecifiers'.
[2026-05-07 10:58:25] Merged 103 bytes for 'varspecifiers'.
[2026-05-07 10:58:25] Merging 1 fragment for 'attributes'.
[2026-05-07 10:58:25] Merged 378 bytes for 'attributes'.
[2026-05-07 10:58:25] Merging 1 fragment for 'funcattributes'.
[2026-05-07 10:58:25] Merged 261 bytes for 'funcattributes'.
[2026-05-07 10:58:25] Merging 1 fragment for 'usertypesize'.
[2026-05-07 10:58:25] Merged 72 bytes for 'usertypesize'.
[2026-05-07 10:58:25] Merging 1 fragment for 'is_pod_class'.
[2026-05-07 10:58:25] Merged 30 bytes for 'is_pod_class'.
[2026-05-07 10:58:25] Merging 1 fragment for 'is_standard_layout_class'.
[2026-05-07 10:58:25] Merged 30 bytes for 'is_standard_layout_class'.
[2026-05-07 10:58:25] Merging 1 fragment for 'is_complete'.
[2026-05-07 10:58:25] Merged 30 bytes for 'is_complete'.
[2026-05-07 10:58:25] Merging 1 fragment for 'member'.
[2026-05-07 10:58:25] Merged 99 bytes for 'member'.
[2026-05-07 10:58:25] Merging 1 fragment for 'type_def'.
[2026-05-07 10:58:25] Merged 29 bytes for 'type_def'.
[2026-05-07 10:58:25] Merging 1 fragment for 'membervariables'.
[2026-05-07 10:58:25] Merged 107 bytes for 'membervariables'.
[2026-05-07 10:58:25] Merging 1 fragment for 'fieldoffsets'.
[2026-05-07 10:58:25] Merged 71 bytes for 'fieldoffsets'.
[2026-05-07 10:58:25] Merging 1 fragment for 'var_def'.
[2026-05-07 10:58:25] Merged 63 bytes for 'var_def'.
[2026-05-07 10:58:25] Merging 1 fragment for 'routinetypes'.
[2026-05-07 10:58:25] Merged 70 bytes for 'routinetypes'.
[2026-05-07 10:58:25] Merging 1 fragment for 'routinetypeargs'.
[2026-05-07 10:58:25] Merged 147 bytes for 'routinetypeargs'.
[2026-05-07 10:58:25] Merging 1 fragment for 'values'.
[2026-05-07 10:58:25] Merged 274 bytes for 'values'.
[2026-05-07 10:58:25] Merging 1 fragment for 'exprs'.
[2026-05-07 10:58:25] Merged 790 bytes for 'exprs'.
[2026-05-07 10:58:25] Merging 1 fragment for 'arraysizes'.
[2026-05-07 10:58:25] Merged 83 bytes for 'arraysizes'.
[2026-05-07 10:58:25] Merging 1 fragment for 'expr_types'.
[2026-05-07 10:58:25] Merged 774 bytes for 'expr_types'.
[2026-05-07 10:58:25] Merging 1 fragment for 'valuebind'.
[2026-05-07 10:58:25] Merged 290 bytes for 'valuebind'.
[2026-05-07 10:58:25] Merging 1 fragment for 'inmacroexpansion'.
[2026-05-07 10:58:25] Merged 795 bytes for 'inmacroexpansion'.
[2026-05-07 10:58:25] Merging 1 fragment for 'macrolocationbind'.
[2026-05-07 10:58:25] Merged 253 bytes for 'macrolocationbind'.
[2026-05-07 10:58:25] Merging 1 fragment for 'attribute_arg_constant'.
[2026-05-07 10:58:25] Merged 161 bytes for 'attribute_arg_constant'.
[2026-05-07 10:58:25] Merging 1 fragment for 'attribute_args'.
[2026-05-07 10:58:25] Merged 262 bytes for 'attribute_args'.
[2026-05-07 10:58:25] Merging 1 fragment for 'builtin_functions'.
[2026-05-07 10:58:25] Merged 19 bytes for 'builtin_functions'.
[2026-05-07 10:58:25] Merging 1 fragment for 'valuetext'.
[2026-05-07 10:58:25] Merged 78 bytes for 'valuetext'.
[2026-05-07 10:58:25] Merging 1 fragment for 'fun_def'.
[2026-05-07 10:58:25] Merged 26 bytes for 'fun_def'.
[2026-05-07 10:58:25] Merging 1 fragment for 'stmts'.
[2026-05-07 10:58:25] Merged 263 bytes for 'stmts'.
[2026-05-07 10:58:25] Merging 1 fragment for 'expr_isload'.
[2026-05-07 10:58:25] Merged 69 bytes for 'expr_isload'.
[2026-05-07 10:58:25] Merging 1 fragment for 'compgenerated'.
[2026-05-07 10:58:25] Merged 36 bytes for 'compgenerated'.
[2026-05-07 10:58:25] Merging 1 fragment for 'exprparents'.
[2026-05-07 10:58:25] Merged 483 bytes for 'exprparents'.
[2026-05-07 10:58:26] Merging 1 fragment for 'stmtparents'.
[2026-05-07 10:58:26] Merged 284 bytes for 'stmtparents'.
[2026-05-07 10:58:26] Merging 1 fragment for 'if_then'.
[2026-05-07 10:58:26] Merged 54 bytes for 'if_then'.
[2026-05-07 10:58:26] Merging 1 fragment for 'localvariables'.
[2026-05-07 10:58:26] Merged 55 bytes for 'localvariables'.
[2026-05-07 10:58:26] Merging 1 fragment for 'affectedbymacroexpansion'.
[2026-05-07 10:58:26] Merged 165 bytes for 'affectedbymacroexpansion'.
[2026-05-07 10:58:26] Merging 1 fragment for 'stmt_decl_bind'.
[2026-05-07 10:58:26] Merged 58 bytes for 'stmt_decl_bind'.
[2026-05-07 10:58:26] Merging 1 fragment for 'stmt_decl_entry_bind'.
[2026-05-07 10:58:26] Merged 56 bytes for 'stmt_decl_entry_bind'.
[2026-05-07 10:58:26] Merging 1 fragment for 'funbind'.
[2026-05-07 10:58:26] Merged 95 bytes for 'funbind'.
[2026-05-07 10:58:26] Merging 1 fragment for 'blockscope'.
[2026-05-07 10:58:26] Merged 99 bytes for 'blockscope'.
[2026-05-07 10:58:26] Merging 1 fragment for 'function_entry_point'.
[2026-05-07 10:58:26] Merged 47 bytes for 'function_entry_point'.
[2026-05-07 10:58:26] Merging 1 fragment for 'varbind'.
[2026-05-07 10:58:26] Merged 164 bytes for 'varbind'.
[2026-05-07 10:58:26] Merging 1 fragment for 'exprconv'.
[2026-05-07 10:58:26] Merged 129 bytes for 'exprconv'.
[2026-05-07 10:58:26] Merging 1 fragment for 'conversionkinds'.
[2026-05-07 10:58:26] Merged 53 bytes for 'conversionkinds'.
[2026-05-07 10:58:26] Merging 1 fragment for 'initialisers'.
[2026-05-07 10:58:26] Merged 86 bytes for 'initialisers'.
[2026-05-07 10:58:26] Merging 1 fragment for 'iscall'.
[2026-05-07 10:58:26] Merged 54 bytes for 'iscall'.
[2026-05-07 10:58:26] Merging 1 fragment for 'expr_cond_guard'.
[2026-05-07 10:58:26] Merged 37 bytes for 'expr_cond_guard'.
[2026-05-07 10:58:26] Merging 1 fragment for 'expr_cond_true'.
[2026-05-07 10:58:26] Merged 37 bytes for 'expr_cond_true'.
[2026-05-07 10:58:26] Merging 1 fragment for 'expr_cond_false'.
[2026-05-07 10:58:26] Merged 37 bytes for 'expr_cond_false'.
[2026-05-07 10:58:26] Merging 1 fragment for 'extractor_version'.
[2026-05-07 10:58:26] Merged 28 bytes for 'extractor_version'.
[2026-05-07 10:58:26] Merging 1 fragment for 'fileannotations'.
[2026-05-07 10:58:26] Merged 137 bytes for 'fileannotations'.
[2026-05-07 10:58:26] Merging 1 fragment for 'compilations'.
[2026-05-07 10:58:26] Merged 31 bytes for 'compilations'.
[2026-05-07 10:58:26] Merging 1 fragment for 'compilation_args'.
[2026-05-07 10:58:26] Merged 55 bytes for 'compilation_args'.
[2026-05-07 10:58:26] Merging 1 fragment for 'compilation_expanded_args'.
[2026-05-07 10:58:26] Merged 55 bytes for 'compilation_expanded_args'.
[2026-05-07 10:58:26] Merging 1 fragment for 'compilation_compiling_files'.
[2026-05-07 10:58:26] Merged 42 bytes for 'compilation_compiling_files'.
[2026-05-07 10:58:26] Merging 1 fragment for 'compilation_time'.
[2026-05-07 10:58:26] Merged 98 bytes for 'compilation_time'.
[2026-05-07 10:58:26] Merging 1 fragment for 'compilation_finished'.
[2026-05-07 10:58:26] Merged 73 bytes for 'compilation_finished'.
[2026-05-07 10:58:26] Merging 1 fragment for 'sourceLocationPrefix'.
[2026-05-07 10:58:26] Merged 18 bytes for 'sourceLocationPrefix'.
[2026-05-07 10:58:26] Saving string and id pools to disk.
[2026-05-07 10:58:26] Finished importing TRAP files.
[2026-05-07 10:58:26] Read 6.60 MiB of uncompressed TRAP data.
[2026-05-07 10:58:26] Uncompressed relation data size: 1.20 MiB
[2026-05-07 10:58:26] Relation data size: 310.49 KiB (merge rate: 899.51 KiB/s)
[2026-05-07 10:58:26] String pool size: 2.13 MiB
[2026-05-07 10:58:26] ID pool size: 1.38 MiB
[2026-05-07 10:58:26] [PROGRESS] dataset import> Finished writing database (relations: 310.49 KiB; string pool: 2.13 MiB).
[2026-05-07 10:58:26] Pausing evaluation to close the cache at sequence stamp o+205
[2026-05-07 10:58:26] The disk cache is freshly trimmed; leave it be.
[2026-05-07 10:58:26] Unpausing evaluation
[2026-05-07 10:58:26] Plumbing command codeql dataset import completed.
[2026-05-07 10:58:26] [PROGRESS] database finalize> TRAP import complete (2.3s).
[2026-05-07 10:58:26] Running plumbing command: codeql database cleanup -- C:\Users\user\Desktop\lab_doc\harmc\codeql-db
[2026-05-07 10:58:26] [PROGRESS] database cleanup> Cleaning up existing TRAP files after import...
[2026-05-07 10:58:26] [PROGRESS] database cleanup> TRAP files cleaned up (8ms).
[2026-05-07 10:58:26] [PROGRESS] database cleanup> Cleaning up scratch directory...
[2026-05-07 10:58:26] [PROGRESS] database cleanup> Scratch directory cleaned up (14ms).
[2026-05-07 10:58:26] Running plumbing command: codeql dataset cleanup -- C:\Users\user\Desktop\lab_doc\harmc\codeql-db\db-cpp
[2026-05-07 10:58:26] [PROGRESS] dataset cleanup> Cleaning up dataset in C:\Users\user\Desktop\lab_doc\harmc\codeql-db\db-cpp.
[2026-05-07 10:58:26] Trimming disk cache at C:\Users\user\Desktop\lab_doc\harmc\codeql-db\db-cpp\default\cache in mode trim.
[2026-05-07 10:58:26] Sequence stamp origin is -5916907121370776510
[2026-05-07 10:58:26] Pausing evaluation to quickly trim memory at sequence stamp o+0
[2026-05-07 10:58:26] Unpausing evaluation
[2026-05-07 10:58:26] Pausing evaluation to zealously trim disk at sequence stamp o+1
[2026-05-07 10:58:26] Unpausing evaluation
[2026-05-07 10:58:26] Trimming completed (3ms): Trimmed disposable data from cache.
[2026-05-07 10:58:26] Pausing evaluation to close the cache at sequence stamp o+2
[2026-05-07 10:58:26] The disk cache is freshly trimmed; leave it be.
[2026-05-07 10:58:26] Unpausing evaluation
[2026-05-07 10:58:26] [PROGRESS] dataset cleanup> Trimmed disposable data from cache.
[2026-05-07 10:58:26] [PROGRESS] dataset cleanup> Finalizing dataset in C:\Users\user\Desktop\lab_doc\harmc\codeql-db\db-cpp
[2026-05-07 10:58:26] [DETAILS] dataset cleanup> Finished deleting ID pool from C:\Users\user\Desktop\lab_doc\harmc\codeql-db\db-cpp (3ms).
[2026-05-07 10:58:26] Plumbing command codeql dataset cleanup completed.
[2026-05-07 10:58:26] Plumbing command codeql database cleanup completed with status 0.
[2026-05-07 10:58:26] [PROGRESS] database finalize> Finished zipping source archive (82.97 KiB).
[2026-05-07 10:58:26] Plumbing command codeql database finalize completed.
[2026-05-07 10:58:26] [PROGRESS] database create> Successfully created database at C:\Users\user\Desktop\lab_doc\harmc\codeql-db.
[2026-05-07 10:58:26] Terminating normally.
