[2026-05-07 10:52:15] This is codeql database create codeql-db --language=cpp --command=clang bufff_overflow.c -o test.exe
[2026-05-07 10:52:15] Log file was started late.
[2026-05-07 10:52:15] [PROGRESS] database create> Initializing database at C:\Users\user\Desktop\lab_doc\harmc\codeql-db.
[2026-05-07 10:52:15] Running plumbing command: codeql database init --language=cpp --extractor-options-verbosity=1 --qlconfig-file=C:\Users\user\Desktop\lab_doc\harmc\qlconfig.yml --source-root=C:\Users\user\Desktop\lab_doc\harmc --allow-missing-source-root=false --allow-already-existing -- C:\Users\user\Desktop\lab_doc\harmc\codeql-db
[2026-05-07 10:52:15] Calling plumbing command: codeql resolve languages --extractor-options-verbosity=1 --format=betterjson
[2026-05-07 10:52:15] [DETAILS] resolve languages> Scanning for [codeql-extractor.yml] from F:\qltool\codeql\.codeqlmanifest.json
[2026-05-07 10:52:15] [DETAILS] resolve languages> Parsing F:\qltool\codeql\actions\codeql-extractor.yml.
[2026-05-07 10:52:15] [DETAILS] resolve languages> Parsing F:\qltool\codeql\cpp\codeql-extractor.yml.
[2026-05-07 10:52:15] [DETAILS] resolve languages> Parsing F:\qltool\codeql\csharp\codeql-extractor.yml.
[2026-05-07 10:52:15] [DETAILS] resolve languages> Parsing F:\qltool\codeql\csv\codeql-extractor.yml.
[2026-05-07 10:52:15] [DETAILS] resolve languages> Parsing F:\qltool\codeql\go\codeql-extractor.yml.
[2026-05-07 10:52:15] [DETAILS] resolve languages> Parsing F:\qltool\codeql\html\codeql-extractor.yml.
[2026-05-07 10:52:15] [DETAILS] resolve languages> Parsing F:\qltool\codeql\java\codeql-extractor.yml.
[2026-05-07 10:52:15] [DETAILS] resolve languages> Parsing F:\qltool\codeql\javascript\codeql-extractor.yml.
[2026-05-07 10:52:15] [DETAILS] resolve languages> Parsing F:\qltool\codeql\properties\codeql-extractor.yml.
[2026-05-07 10:52:15] [DETAILS] resolve languages> Parsing F:\qltool\codeql\python\codeql-extractor.yml.
[2026-05-07 10:52:15] [DETAILS] resolve languages> Parsing F:\qltool\codeql\ruby\codeql-extractor.yml.
[2026-05-07 10:52:15] [DETAILS] resolve languages> Parsing F:\qltool\codeql\rust\codeql-extractor.yml.
[2026-05-07 10:52:15] [DETAILS] resolve languages> Parsing F:\qltool\codeql\swift\codeql-extractor.yml.
[2026-05-07 10:52:15] [DETAILS] resolve languages> Parsing F:\qltool\codeql\xml\codeql-extractor.yml.
[2026-05-07 10:52:15] [DETAILS] resolve languages> Parsing F:\qltool\codeql\yaml\codeql-extractor.yml.
[2026-05-07 10:52:15] Plumbing command codeql resolve languages completed:
                      {
                        "aliases" : {
                          "c" : "cpp",
                          "c++" : "cpp",
                          "c-c++" : "cpp",
                          "c-cpp" : "cpp",
                          "c#" : "csharp",
                          "java-kotlin" : "java",
                          "kotlin" : "java",
                          "javascript-typescript" : "javascript",
                          "typescript" : "javascript"
                        },
                        "extractors" : {
                          "actions" : [
                            {
                              "extractor_root" : "F:\\qltool\\codeql\\actions",
                              "extractor_options" : { }
                            }
                          ],
                          "cpp" : [
                            {
                              "extractor_root" : "F:\\qltool\\codeql\\cpp",
                              "extractor_options" : {
                                "scale_timeouts" : {
                                  "title" : "Value to scale compiler introspection timeouts with",
                                  "description" : "The extractor attempts to determine what compiler the source code being extracted is compiled with. To this end the extractor makes additional calls to the compiler, some of which are expected to return within a certain fixed time (either 10s or 15s). On some systems that are under high load this time might be too short, and can be scaled up using this option.\n",
                                  "type" : "string",
                                  "pattern" : "[0-9]+"
                                },
                                "log_verbosity" : {
                                  "title" : "Verbosity of the extractor logging",
                                  "description" : "Set the verbosity of the extractor logging to 'quiet' (0), 'normal' (1), 'chatty' (2), or 'noisy' (3). The default is 'normal'.\n",
                                  "type" : "string",
                                  "pattern" : "[0-3]"
                                }
                              }
                            }
                          ],
                          "csharp" : [
                            {
                              "extractor_root" : "F:\\qltool\\codeql\\csharp",
                              "extractor_options" : {
                                "trap" : {
                                  "title" : "Options pertaining to TRAP.",
                                  "description" : "Options pertaining to TRAP.",
                                  "type" : "object",
                                  "properties" : {
                                    "compression" : {
                                      "title" : "Controls compression for the TRAP files written by the extractor.",
                                      "description" : "This option is only intended for use in debugging the extractor. Accepted values are 'brotli' (the default, to write brotli-compressed TRAP), 'gzip', and 'none' (to write uncompressed TRAP).\n",
                                      "type" : "string",
                                      "pattern" : "^(none|gzip|brotli)$"
                                    }
                                  }
                                },
                                "buildless" : {
                                  "title" : "DEPRECATED - Whether to use buildless (standalone) extraction.",
                                  "description" : "DEPRECATED: Use `--build-mode none` instead.\nA value indicating, which type of extraction the autobuilder should perform. If 'true', then the standalone extractor will be used, otherwise tracing extraction will be performed. The default is 'false'. Note that buildless extraction will generally yield less accurate analysis results, and should only be used in cases where it is not possible to build the code (for example if it uses inaccessible dependencies).\n",
                                  "type" : "string",
                                  "pattern" : "^(false|true)$"
                                },
                                "logging" : {
                                  "title" : "Options pertaining to logging.",
                                  "description" : "Options pertaining to logging.",
                                  "type" : "object",
                                  "properties" : {
                                    "verbosity" : {
                                      "title" : "Extractor logging verbosity level.",
                                      "description" : "Controls the level of verbosity of the extractor. The supported levels are (in order of increasing verbosity):\n  - off\n  - errors\n  - warnings\n  - info or progress\n  - debug or progress+\n  - trace or progress++\n  - progress+++\n",
                                      "type" : "string",
                                      "pattern" : "^(off|errors|warnings|(info|progress)|(debug|progress\\+)|(trace|progress\\+\\+)|progress\\+\\+\\+)$"
                                    }
                                  }
                                },
                                "binlog" : {
                                  "title" : "Binlog",
                                  "description" : "[EXPERIMENTAL] The value is a path to the MsBuild binary log file that should be extracted. This option only works when `--build-mode none` is also specified.\n",
                                  "type" : "array"
                                },
                                "buildless_dependency_dir" : {
                                  "title" : "The path where buildless (standalone) extraction should keep dependencies.",
                                  "description" : "If set, the buildless (standalone) extractor will store dependencies in this directory.\n",
                                  "type" : "string"
                                }
                              }
                            }
                          ],
                          "csv" : [
                            {
                              "extractor_root" : "F:\\qltool\\codeql\\csv"
                            }
                          ],
                          "go" : [
                            {
                              "extractor_root" : "F:\\qltool\\codeql\\go",
                              "extractor_options" : {
                                "extract_tests" : {
                                  "title" : "Whether to include Go test files in the CodeQL database.",
                                  "description" : "A value indicating whether Go test files should be included in the CodeQL database. The default is 'false'.\n",
                                  "type" : "string",
                                  "pattern" : "^(false|true)$"
                                },
                                "extract_vendor_dirs" : {
                                  "title" : "Whether to include Go vendor directories in the CodeQL database.",
                                  "description" : "A value indicating whether Go vendor directories should be included in the CodeQL database. The default is 'false'.\n",
                                  "type" : "string",
                                  "pattern" : "^(false|true)$"
                                }
                              }
                            }
                          ],
                          "html" : [
                            {
                              "extractor_root" : "F:\\qltool\\codeql\\html"
                            }
                          ],
                          "java" : [
                            {
                              "extractor_root" : "F:\\qltool\\codeql\\java",
                              "extractor_options" : {
                                "exclude" : {
                                  "title" : "A glob excluding files from analysis.",
                                  "description" : "A glob indicating what files to exclude from the analysis. This accepts glob patterns that are supported by Java's 'getPathMatcher' implementation.\n",
                                  "type" : "string"
                                },
                                "add_prefer_source" : {
                                  "title" : "Whether to always prefer source files over class files.",
                                  "description" : "A value indicating whether source files should be preferred over class files. If set to 'true', the extraction adds '-Xprefer:source' to the javac command line. If set to 'false', the extraction uses the default javac behavior ('-Xprefer:newer'). The default is 'true'.\n",
                                  "type" : "string",
                                  "pattern" : "^(false|true)$"
                                },
                                "buildless" : {
                                  "title" : "Whether to use buildless (standalone) extraction (experimental).",
                                  "description" : "A value indicating, which type of extraction the autobuilder should perform. If 'true', then the standalone extractor will be used, otherwise tracing extraction will be performed. The default is 'false'. Note that buildless extraction will generally yield less accurate analysis results, and should only be used in cases where it is not possible to build the code (for example if it uses inaccessible dependencies).\n",
                                  "type" : "string",
                                  "pattern" : "^(false|true)$"
                                },
                                "buildless_dependency_dir" : {
                                  "title" : "The path where buildless (standalone) extraction should keep dependencies.",
                                  "description" : "If set, the buildless (standalone) extractor will store dependencies in this directory.\n",
                                  "type" : "string"
                                },
                                "minimize_dependency_jars" : {
                                  "title" : "Whether to rewrite and minimize downloaded JAR dependencies (experimental).",
                                  "description" : "If 'true', JAR dependencies downloaded during extraction will be rewritten to remove unneeded data, such as method bodies. The default is 'false'.\n",
                                  "type" : "string",
                                  "pattern" : "^(false|true)$"
                                }
                              }
                            }
                          ],
                          "javascript" : [
                            {
                              "extractor_root" : "F:\\qltool\\codeql\\javascript",
                              "extractor_options" : {
                                "skip_types" : {
                                  "title" : "Skip type extraction for TypeScript",
                                  "description" : "Whether to skip the extraction of types in a TypeScript application",
                                  "type" : "string",
                                  "pattern" : "^(false|true)$"
                                }
                              }
                            }
                          ],
                          "properties" : [
                            {
                              "extractor_root" : "F:\\qltool\\codeql\\properties"
                            }
                          ],
                          "python" : [
                            {
                              "extractor_root" : "F:\\qltool\\codeql\\python",
                              "extractor_options" : {
                                "logging" : {
                                  "title" : "Options pertaining to logging.",
                                  "description" : "Options pertaining to logging.",
                                  "type" : "object",
                                  "properties" : {
                                    "verbosity" : {
                                      "title" : "Python extractor logging verbosity level.",
                                      "description" : "Controls the level of verbosity of the CodeQL Python extractor.\nThe supported levels are (in order of increasing verbosity):\n\n  - off\n  - errors\n  - warnings\n  - info or progress\n  - debug or progress+\n  - trace or progress++\n  - progress+++\n",
                                      "type" : "string",
                                      "pattern" : "^(off|errors|warnings|(info|progress)|(debug|progress\\+)|(trace|progress\\+\\+)|progress\\+\\+\\+)$"
                                    }
                                  }
                                },
                                "python_executable_name" : {
                                  "title" : "Controls the name of the Python executable used by the Python extractor.",
                                  "description" : "The Python extractor uses platform-dependent heuristics to determine the name of the Python executable to use. Specifying a value for this option overrides the name of the Python executable used by the extractor. Accepted values are py, python and python3. Use this setting with caution, the Python extractor requires Python 3 to run.\n",
                                  "type" : "string",
                                  "pattern" : "^(py|python|python3)$"
                                }
                              }
                            }
                          ],
                          "ruby" : [
                            {
                              "extractor_root" : "F:\\qltool\\codeql\\ruby",
                              "extractor_options" : {
                                "trap" : {
                                  "title" : "Options pertaining to TRAP.",
                                  "description" : "Options pertaining to TRAP.",
                                  "type" : "object",
                                  "properties" : {
                                    "compression" : {
                                      "title" : "Controls compression for the TRAP files written by the extractor.",
                                      "description" : "This option is only intended for use in debugging the extractor. Accepted values are 'gzip' (the default, to write gzip-compressed TRAP) 'zstd' (to write Zstandard-compressed TRAP) and 'none' (to write uncompressed TRAP).\n",
                                      "type" : "string",
                                      "pattern" : "^(none|gzip|zstd)$"
                                    }
                                  }
                                }
                              }
                            }
                          ],
                          "rust" : [
                            {
                              "extractor_root" : "F:\\qltool\\codeql\\rust",
                              "extractor_options" : {
                                "trap" : {
                                  "title" : "Options pertaining to TRAP.",
                                  "description" : "Options pertaining to TRAP.",
                                  "type" : "object",
                                  "properties" : {
                                    "compression" : {
                                      "title" : "Controls compression for the TRAP files written by the extractor.",
                                      "description" : "This option is only intended for use in debugging the extractor. Accepted values are 'gzip' (to write gzip-compressed TRAP) 'zstd' (to write Zstandard-compressed TRAP) and 'none' (the default, to write uncompressed TRAP).\n",
                                      "type" : "string",
                                      "pattern" : "^(none|gzip|zstd)$"
                                    }
                                  }
                                },
                                "cargo_target_dir" : {
                                  "title" : "Directory to use for cargo output files.",
                                  "description" : "This value is an optional path to use as `CARGO_TARGET_DIR` for the internal cargo commands the extractor uses. Pointing it to a persistent directory may reduce execution time of consecutive extractor runs. By default, a new scratch directory is used for each run.\n",
                                  "type" : "string"
                                },
                                "cargo_target" : {
                                  "title" : "Target architecture",
                                  "description" : "Target architecture to use for analysis, analogous to `cargo --target`. By default the host architecture is used.\n",
                                  "type" : "string"
                                },
                                "cargo_features" : {
                                  "title" : "Cargo features to turn on",
                                  "description" : "Comma-separated list of features to turn on. By default all features are enabled. If any features are specified, then only those features are enabled. The `default` feature must be explicitly specified if only default features are desired. Can be repeated.\n",
                                  "type" : "array"
                                },
                                "cargo_cfg_overrides" : {
                                  "title" : "Cargo cfg overrides",
                                  "description" : "Comma-separated list of cfg settings to enable, or disable if prefixed with `-`. Can be repeated.\n",
                                  "type" : "array"
                                },
                                "logging" : {
                                  "title" : "Options pertaining to logging.",
                                  "description" : "Options pertaining to logging.",
                                  "type" : "object",
                                  "properties" : {
                                    "verbosity" : {
                                      "title" : "Extractor logging verbosity level.",
                                      "description" : "Controls the level of verbosity of the extractor. The supported levels are (in order of increasing verbosity):\n  - off\n  - errors\n  - warnings\n  - info or progress\n  - debug or progress+\n  - trace or progress++\n  - progress+++\n",
                                      "type" : "string",
                                      "pattern" : "^(off|errors|warnings|(info|progress)|(debug|progress\\+)|(trace|progress\\+\\+)|progress\\+\\+\\+)$"
                                    },
                                    "flamegraph" : {
                                      "title" : "[Experimental] File path for write flame graph log",
                                      "description" : "Collect flame graph data using the `tracing-flame` crate. To render a flame graph or chart, run the `inferno-flamegraph` command. See also: https://crates.io/crates/tracing-flame\n",
                                      "type" : "string"
                                    }
                                  }
                                },
                                "extract_dependencies_as_source" : {
                                  "title" : "Extract dependencies as source code",
                                  "description" : "Extract the full source code of dependencies instead of only extracting signatures.\n",
                                  "type" : "string",
                                  "pattern" : "^(false|true)$"
                                }
                              }
                            }
                          ],
                          "swift" : [
                            {
                              "extractor_root" : "F:\\qltool\\codeql\\swift"
                            }
                          ],
                          "xml" : [
                            {
                              "extractor_root" : "F:\\qltool\\codeql\\xml"
                            }
                          ],
                          "yaml" : [
                            {
                              "extractor_root" : "F:\\qltool\\codeql\\yaml"
                            }
                          ]
                        }
                      }
[2026-05-07 10:52:16] [PROGRESS] database init> Calculating baseline information in C:\Users\user\Desktop\lab_doc\harmc
[2026-05-07 10:52:16] [SPAMMY] database init> Ignoring the following directories when processing baseline information: .git, .hg, .svn.
[2026-05-07 10:52:16] [DETAILS] database init> Running command in C:\Users\user\Desktop\lab_doc\harmc: F:\qltool\codeql\tools\win64\scc.exe --by-file --exclude-dir .git,.hg,.svn --format json --no-large --no-min .
[2026-05-07 10:52:20] [SPAMMY] database init> Found 5 baseline files for cpp.
[2026-05-07 10:52:20] [PROGRESS] database init> Calculated baseline information for languages: cpp (4.9s).
[2026-05-07 10:52:20] [PROGRESS] database init> Resolving extractor cpp.
[2026-05-07 10:52:20] [DETAILS] database init> Found candidate extractor root for cpp: F:\qltool\codeql\cpp.
[2026-05-07 10:52:20] [PROGRESS] database init> Successfully loaded extractor C/C++ (cpp) from F:\qltool\codeql\cpp.
[2026-05-07 10:52:20] [PROGRESS] database init> Created skeleton CodeQL database at C:\Users\user\Desktop\lab_doc\harmc\codeql-db. This in-progress database is ready to be populated by an extractor.
[2026-05-07 10:52:20] Plumbing command codeql database init completed.
[2026-05-07 10:52:20] [PROGRESS] database create> Running build command: [clang, bufff_overflow.c, -o, test.exe]
[2026-05-07 10:52:20] Running plumbing command: codeql database trace-command --working-dir=C:\Users\user\Desktop\lab_doc\harmc --index-traceless-dbs --no-db-cluster -- C:\Users\user\Desktop\lab_doc\harmc\codeql-db clang bufff_overflow.c -o test.exe
[2026-05-07 10:52:21] [PROGRESS] database trace-command> Running command in C:\Users\user\Desktop\lab_doc\harmc: [clang, bufff_overflow.c, -o, test.exe]
[2026-05-07 10:52:25] [build-stderr] bufff_overflow.c:8:4: warning: 'strcpy' is deprecated: This function or variable may be unsafe. Consider using strcpy_s instead. To disable deprecation, use _CRT_SECURE_NO_WARNINGS. See online help for details. [-Wdeprecated-declarations]
[2026-05-07 10:52:25] [build-stderr]     8 |    strcpy(dest, source);
[2026-05-07 10:52:25] [build-stderr]       |    ^
[2026-05-07 10:52:25] [build-stderr] C:\Program Files (x86)\Windows Kits\10\Include\10.0.26100.0\ucrt\string.h:130:1: note: 'strcpy' has been explicitly marked deprecated here
[2026-05-07 10:52:25] [build-stderr]   130 | __DEFINE_CPP_OVERLOAD_STANDARD_FUNC_0_1(
[2026-05-07 10:52:25] [build-stderr]       | ^
[2026-05-07 10:52:25] [build-stderr] C:\Program Files (x86)\Windows Kits\10\Include\10.0.26100.0\ucrt\corecrt.h:874:5: note: expanded from macro '__DEFINE_CPP_OVERLOAD_STANDARD_FUNC_0_1'
[2026-05-07 10:52:25] [build-stderr]   874 |     __DEFINE_CPP_OVERLOAD_STANDARD_FUNC_0_1_EX(_ReturnType, _ReturnPolicy, _DeclSpec, _FuncName, _FuncName##_s, _DstType, _SalAttributeDst, _DstType, _Dst, _TType1, _TArg1)
[2026-05-07 10:52:25] [build-stderr]       |     ^
[2026-05-07 10:52:25] [build-stderr] C:\Program Files (x86)\Windows Kits\10\Include\10.0.26100.0\ucrt\corecrt.h:1933:17: note: expanded from macro '__DEFINE_CPP_OVERLOAD_STANDARD_FUNC_0_1_EX'
[2026-05-07 10:52:25] [build-stderr]  1933 |                 _CRT_INSECURE_DEPRECATE(_SecureFuncName) _DeclSpec _ReturnType __cdecl _FuncName(_SalAttributeDst _DstType *_Dst, _TType1 _TArg1);
[2026-05-07 10:52:25] [build-stderr]       |                 ^
[2026-05-07 10:52:25] [build-stderr] C:\Program Files (x86)\Microsoft Visual Studio\18\BuildTools\VC\Tools\MSVC\14.50.35717\include\vcruntime.h:368:55: note: expanded from macro '_CRT_INSECURE_DEPRECATE'
[2026-05-07 10:52:25] [build-stderr]   368 |         #define _CRT_INSECURE_DEPRECATE(_Replacement) _CRT_DEPRECATE_TEXT(    \
[2026-05-07 10:52:25] [build-stderr]       |                                                       ^
[2026-05-07 10:52:25] [build-stderr] C:\Program Files (x86)\Microsoft Visual Studio\18\BuildTools\VC\Tools\MSVC\14.50.35717\include\vcruntime.h:358:47: note: expanded from macro '_CRT_DEPRECATE_TEXT'
[2026-05-07 10:52:25] [build-stderr]   358 | #define _CRT_DEPRECATE_TEXT(_Text) __declspec(deprecated(_Text))
[2026-05-07 10:52:25] [build-stderr]       |                                               ^
[2026-05-07 10:52:25] [build-stderr] 1 warning generated.
[2026-05-07 10:52:33] [build-stderr] lld-link: error: subsystem must be defined
[2026-05-07 10:52:33] [build-stderr] clang: error: linker command failed with exit code 1 (use -v to see invocation)
[2026-05-07 10:52:35] [ERROR] Spawned process exited abnormally (code 1; tried to run: [F:\qltool\codeql\tools\win64\tracer.exe, F:\qltool\codeql\tools\win64\runner.exe, cmd.exe, /C, type, NUL, &&, clang, bufff_overflow.c, -o, test.exe])
[2026-05-07 10:52:35] Exception caught at top level: Exit status 1 from command: [F:\qltool\codeql\tools\win64\runner.exe, cmd.exe, /C, type, NUL, &&, clang, bufff_overflow.c, -o, test.exe]
                      com.semmle.cli2.Commandline.executeAndCheckResult(Commandline.java:170)
                      com.semmle.cli2.Commandline.runWithoutReturn(Commandline.java:123)
                      com.semmle.cli2.database.DatabaseProcessCommandCommon.executeSubcommand(DatabaseProcessCommandCommon.java:227)
                      com.semmle.cli2.database.TraceCommandCommand.executeSubcommand(TraceCommandCommand.java:126)
                      com.semmle.cli2.picocli.SubcommandCommon.lambda$executeSubcommandWithMessages$5(SubcommandCommon.java:886)
                      com.semmle.cli2.picocli.SubcommandCommon.withCompilationMessages(SubcommandCommon.java:444)
                      com.semmle.cli2.picocli.SubcommandCommon.executeSubcommandWithMessages(SubcommandCommon.java:884)
                      com.semmle.cli2.picocli.PlumbingRunner.run(PlumbingRunner.java:123)
                      com.semmle.cli2.picocli.SubcommandCommon.runPlumbingInProcess(SubcommandCommon.java:201)
                      com.semmle.cli2.database.CreateCommand.executeSubcommand(CreateCommand.java:188)
                      com.semmle.cli2.picocli.SubcommandCommon.lambda$executeSubcommandWithMessages$5(SubcommandCommon.java:886)
                      com.semmle.cli2.picocli.SubcommandCommon.withCompilationMessages(SubcommandCommon.java:444)
                      com.semmle.cli2.picocli.SubcommandCommon.executeSubcommandWithMessages(SubcommandCommon.java:884)
                      com.semmle.cli2.picocli.SubcommandCommon.toplevelMain(SubcommandCommon.java:777)
                      com.semmle.cli2.picocli.SubcommandCommon.call(SubcommandCommon.java:757)
                      com.semmle.cli2.picocli.SubcommandMaker.runMain(SubcommandMaker.java:238)
                      com.semmle.cli2.picocli.SubcommandMaker.runMain(SubcommandMaker.java:259)
                      com.semmle.cli2.CodeQL.main(CodeQL.java:113)
