[2026-05-07 11:14:06] This is codeql execute queries -J-Xmx1800M --off-heap-ram=1414 --verbosity=progress --logdir=C:\Users\user\Desktop\lab_doc\harmc\codeql-db\log --evaluator-log-level=5 --warnings=show --qlconfig-file=C:\Users\user\Desktop\lab_doc\harmc\qlconfig.yml --dynamic-join-order-mode=none --no-rerun --output=C:\Users\user\Desktop\lab_doc\harmc\codeql-db\results -- C:\Users\user\Desktop\lab_doc\harmc\codeql-db\db-cpp F:\qltool\codeql-repo\cpp\ql\src\codeql-suites\cpp-security-and-quality.qls
[2026-05-07 11:14:06] Calling plumbing command: codeql resolve queries --qlconfig-file=C:\Users\user\Desktop\lab_doc\harmc\qlconfig.yml --format=json -- F:\qltool\codeql-repo\cpp\ql\src\codeql-suites\cpp-security-and-quality.qls
[2026-05-07 11:14:06] Exception caught at top level: F:\qltool\codeql-repo\cpp\ql\src\codeql-suites\cpp-security-and-quality.qls is not a .ql file, .qls file, a directory, or a query pack specification.
                      com.semmle.cli2.resolve.ResolveQueriesCommand.resolveQuerySpecifier(ResolveQueriesCommand.java:305)
                      com.semmle.cli2.resolve.ResolveQueriesCommand.executeJSON(ResolveQueriesCommand.java:211)
                      com.semmle.cli2.resolve.ResolveQueriesCommand.executeJSON(ResolveQueriesCommand.java:68)
                      com.semmle.cli2.picocli.SimpleJsonSubcommand.executeInsistingOnJSONWithExistingMessages(SimpleJsonSubcommand.java:121)
                      com.semmle.cli2.picocli.SubcommandCommon.withCompilationMessages(SubcommandCommon.java:444)
                      com.semmle.cli2.picocli.SimpleJsonSubcommand.executeInsistingOnJSON(SimpleJsonSubcommand.java:110)
                      com.semmle.cli2.picocli.PlumbingRunner.call(PlumbingRunner.java:61)
                      com.semmle.cli2.picocli.SubcommandCommon.callPlumbingInProcess(SubcommandCommon.java:170)
                      com.semmle.cli2.execute.ExecuteQueriesCommand.executeSubcommand(ExecuteQueriesCommand.java:438)
                      com.semmle.cli2.picocli.SubcommandCommon.lambda$executeSubcommandWithMessages$5(SubcommandCommon.java:886)
                      com.semmle.cli2.picocli.SubcommandCommon.withCompilationMessages(SubcommandCommon.java:444)
                      com.semmle.cli2.picocli.SubcommandCommon.executeSubcommandWithMessages(SubcommandCommon.java:884)
                      com.semmle.cli2.picocli.SubcommandCommon.toplevelMain(SubcommandCommon.java:777)
                      com.semmle.cli2.picocli.SubcommandCommon.call(SubcommandCommon.java:757)
                      com.semmle.cli2.picocli.SubcommandMaker.runMain(SubcommandMaker.java:238)
                      com.semmle.cli2.picocli.SubcommandMaker.runMain(SubcommandMaker.java:259)
                      com.semmle.cli2.CodeQL.main(CodeQL.java:113)
[2026-05-07 11:14:06] [SPAMMY] execute queries> Failed to write 1 diagnostics for execute queries since this subcommand could not determine its diagnostic directory.
