[E 02:58:16 31400] CodeQL C/C++ Extractor 2.25.3
[E 02:58:16 31400] Current directory: C:\Users\user\Desktop\lab_doc\harmc
[E 02:58:16 31400] Command: F:\qltool\codeql\cpp\tools\win64\extractor.exe --mimic "c:\program files\llvm\bin\clang.exe" -c bufff_overflow.c -o bufff_overflow.obj
[E 02:58:17 31400] Checking whether C compilation already happened.
[E 02:58:17 31400] Checking for tag c-compilation-happened
[E 02:58:17 31400] Checking CODEQL_TRACER_DB_ID 031E2F8000008AC4_0000000000000001
[E 02:58:17 31400] Locking DB C:\Users\user\Desktop\lab_doc\harmc\codeql-db\working/tags.db
[E 02:58:17 31400] Locked DB C:\Users\user\Desktop\lab_doc\harmc\codeql-db\working/tags.db
[E 02:58:17 31400] Unlocking DB
[E 02:58:17 31400] Unlocked DB
[E 02:58:17 31400] Looks like C compilation didn't already happen.
[E 02:58:17 31400] Checking whether C compilation has been attempted.
[E 02:58:17 31400] Checking for tag c-compilation-attempted
[E 02:58:17 31400] Checking CODEQL_TRACER_DB_ID 031E2F8000008AC4_0000000000000001
[E 02:58:17 31400] Locking DB C:\Users\user\Desktop\lab_doc\harmc\codeql-db\working/tags.db
[E 02:58:17 31400] Locked DB C:\Users\user\Desktop\lab_doc\harmc\codeql-db\working/tags.db
[E 02:58:17 31400] Unlocking DB
[E 02:58:17 31400] Unlocked DB
[E 02:58:17 31400] Marking C compilation as attempted.
[E 02:58:17 31400] Setting tag c-compilation-attempted
[E 02:58:17 31400] Starting from CODEQL_TRACER_DB_ID 031E2F8000008AC4_0000000000000001
[E 02:58:17 31400] Locking DB C:\Users\user\Desktop\lab_doc\harmc\codeql-db\working/tags.db
[E 02:58:17 31400] Locked DB C:\Users\user\Desktop\lab_doc\harmc\codeql-db\working/tags.db
[E 02:58:17 31400] Set tag for 031E2F8000008AC4_0000000000000001
[E 02:58:17 31400] Set tag for DDE26A6E00004138_0000000000000001
[E 02:58:17 31400] Set tag for C7FF4251000066BC_0000000000000001
[E 02:58:17 31400] Unlocking DB
[E 02:58:17 31400] Unlocked DB
[E 02:58:20 31400] Processed command line: F:\qltool\codeql\cpp\tools\win64\extractor.exe --trapfolder C:\Users\user\Desktop\lab_doc\harmc\codeql-db\trap\cpp --src_archive C:\Users\user\Desktop\lab_doc\harmc\codeql-db\src --object_filename bufff_overflow.obj --no_warnings_and_discretionary_errors --error_limit 1000 --disable_system_macros --variadic_macros --incognito --gcc --ms_compatibility --clang_version 220102 --microsoft_version 1950 --gnu_version 40801 --has_feature_vector 11111111111111110000000000000000000000000000000000000000000000000000011 --clang --target win64 -D_CRT_USE_BUILTIN_OFFSETOF=1 -D_INTEGRAL_MAX_BITS=64 -D_MSC_BUILD=1 -D_MSC_EXTENSIONS=1 -D_MSC_FULL_VER=195035728 -D_MSC_VER=1950 -D_MSVC_CONSTEXPR_ATTRIBUTE=1 -D_MSVC_EXECUTION_CHARACTER_SET=65001 -D_M_AMD64=100 -D_M_FP_CONTRACT=1 -D_M_FP_PRECISE=1 -D_M_X64=100 -D_WIN32=1 -D_WIN64=1 -D__ATOMIC_ACQUIRE=2 -D__ATOMIC_ACQ_REL=4 -D__ATOMIC_CONSUME=1 -D__ATOMIC_RELAXED=0 -D__ATOMIC_RELEASE=3 -D__ATOMIC_SEQ_CST=5 -D__BIGGEST_ALIGNMENT__=16 -D__BITINT_MAXWIDTH__=8388608 -D__BOOL_WIDTH__=1 -D__BYTE_ORDER__=__ORDER_LITTLE_ENDIAN__ -D__CHAR_BIT__=8 -D__CLANG_ATOMIC_BOOL_LOCK_FREE=2 -D__CLANG_ATOMIC_CHAR16_T_LOCK_FREE=2 -D__CLANG_ATOMIC_CHAR32_T_LOCK_FREE=2 -D__CLANG_ATOMIC_CHAR_LOCK_FREE=2 -D__CLANG_ATOMIC_INT_LOCK_FREE=2 -D__CLANG_ATOMIC_LLONG_LOCK_FREE=2 -D__CLANG_ATOMIC_LONG_LOCK_FREE=2 -D__CLANG_ATOMIC_POINTER_LOCK_FREE=2 -D__CLANG_ATOMIC_SHORT_LOCK_FREE=2 -D__CLANG_ATOMIC_WCHAR_T_LOCK_FREE=2 -D__CONSTANT_CFSTRINGS__=1 -D__DBL_DECIMAL_DIG__=17 -D__DBL_DENORM_MIN__=4.9406564584124654e-324 -D__DBL_DIG__=15 -D__DBL_EPSILON__=2.2204460492503131e-16 -D__DBL_HAS_DENORM__=1 -D__DBL_HAS_INFINITY__=1 -D__DBL_HAS_QUIET_NAN__=1 -D__DBL_MANT_DIG__=53 -D__DBL_MAX_10_EXP__=308 -D__DBL_MAX_EXP__=1024 -D__DBL_MAX__=1.7976931348623157e+308 -D__DBL_MIN_10_EXP__=(-307) -D__DBL_MIN_EXP__=(-1021) -D__DBL_MIN__=2.2250738585072014e-308 -D__DBL_NORM_MAX__=1.7976931348623157e+308 -D__DECIMAL_DIG__=__LDBL_DECIMAL_DIG__ -D__FINITE_MATH_ONLY__=0 -D__FLT16_DECIMAL_DIG__=5 -D__FLT16_DENORM_MIN__=5.9604644775390625e-8F16 -D__FLT16_DIG__=3 -D__FLT16_EPSILON__=9.765625e-4F16 -D__FLT16_HAS_DENORM__=1 -D__FLT16_HAS_INFINITY__=1 -D__FLT16_HAS_QUIET_NAN__=1 -D__FLT16_MANT_DIG__=11 -D__FLT16_MAX_10_EXP__=4 -D__FLT16_MAX_EXP__=16 -D__FLT16_MAX__=6.5504e+4F16 -D__FLT16_MIN_10_EXP__=(-4) -D__FLT16_MIN_EXP__=(-13) -D__FLT16_MIN__=6.103515625e-5F16 -D__FLT16_NORM_MAX__=6.5504e+4F16 -D__FLT_DECIMAL_DIG__=9 -D__FLT_DENORM_MIN__=1.40129846e-45F -D__FLT_DIG__=6 -D__FLT_EPSILON__=1.19209290e-7F -D__FLT_HAS_DENORM__=1 -D__FLT_HAS_INFINITY__=1 -D__FLT_HAS_QUIET_NAN__=1 -D__FLT_MANT_DIG__=24 -D__FLT_MAX_10_EXP__=38 -D__FLT_MAX_EXP__=128 -D__FLT_MAX__=3.40282347e+38F -D__FLT_MIN_10_EXP__=(-37) -D__FLT_MIN_EXP__=(-125) -D__FLT_MIN__=1.17549435e-38F -D__FLT_NORM_MAX__=3.40282347e+38F -D__FLT_RADIX__=2 -D__FPCLASS_NEGINF=0x0004 -D__FPCLASS_NEGNORMAL=0x0008 -D__FPCLASS_NEGSUBNORMAL=0x0010 -D__FPCLASS_NEGZERO=0x0020 -D__FPCLASS_POSINF=0x0200 -D__FPCLASS_POSNORMAL=0x0100 -D__FPCLASS_POSSUBNORMAL=0x0080 -D__FPCLASS_POSZERO=0x0040 -D__FPCLASS_QNAN=0x0002 -D__FPCLASS_SNAN=0x0001 -D__FXSR__=1 -D__GCC_ASM_FLAG_OUTPUTS__=1 -D__GCC_CONSTRUCTIVE_SIZE=64 -D__GCC_DESTRUCTIVE_SIZE=64 -D__GCC_HAVE_SYNC_COMPARE_AND_SWAP_1=1 -D__GCC_HAVE_SYNC_COMPARE_AND_SWAP_2=1 -D__GCC_HAVE_SYNC_COMPARE_AND_SWAP_4=1 -D__GCC_HAVE_SYNC_COMPARE_AND_SWAP_8=1 -D__INT16_C(c)=c -D__INT16_C_SUFFIX__= "-D__INT16_FMTd__=\"hd\"" "-D__INT16_FMTi__=\"hi\"" -D__INT16_MAX__=32767 -D__INT16_TYPE__=short -D__INT32_C(c)=c -D__INT32_C_SUFFIX__= "-D__INT32_FMTd__=\"d\"" "-D__INT32_FMTi__=\"i\"" -D__INT32_MAX__=2147483647 -D__INT32_TYPE__=int -D__INT64_C(c)=c##LL -D__INT64_C_SUFFIX__=LL "-D__INT64_FMTd__=\"lld\"" "-D__INT64_FMTi__=\"lli\"" -D__INT64_MAX__=9223372036854775807LL "-D__INT64_TYPE__=long long int" -D__INT8_C(c)=c -D__INT8_C_SUFFIX__= "-D__INT8_FMTd__=\"hhd\"" "-D__INT8_FMTi__=\"hhi\"" -D__INT8_MAX__=127 "-D__INT8_TYPE__=signed char" -D__INTMAX_C(c)=c##LL -D__INTMAX_C_SUFFIX__=LL "-D__INTMAX_FMTd__=\"lld\"" "-D__INTMAX_FMTi__=\"lli\"" -D__INTMAX_MAX__=9223372036854775807LL "-D__INTMAX_TYPE__=long long int" -D__INTMAX_WIDTH__=64 "-D__INTPTR_FMTd__=\"lld\"" "-D__INTPTR_FMTi__=\"lli\"" -D__INTPTR_MAX__=9223372036854775807LL "-D__INTPTR_TYPE__=long long int" -D__INTPTR_WIDTH__=64 "-D__INT_FAST16_FMTd__=\"hd\"" "-D__INT_FAST16_FMTi__=\"hi\"" -D__INT_FAST16_MAX__=32767 -D__INT_FAST16_TYPE__=short -D__INT_FAST16_WIDTH__=16 "-D__INT_FAST32_FMTd__=\"d\"" "-D__INT_FAST32_FMTi__=\"i\"" -D__INT_FAST32_MAX__=2147483647 -D__INT_FAST32_TYPE__=int -D__INT_FAST32_WIDTH__=32 "-D__INT_FAST64_FMTd__=\"lld\"" "-D__INT_FAST64_FMTi__=\"lli\"" -D__INT_FAST64_MAX__=9223372036854775807LL "-D__INT_FAST64_TYPE__=long long int" -D__INT_FAST64_WIDTH__=64 "-D__INT_FAST8_FMTd__=\"hhd\"" "-D__INT_FAST8_FMTi__=\"hhi\"" -D__INT_FAST8_MAX__=127 "-D__INT_FAST8_TYPE__=signed char" -D__INT_FAST8_WIDTH__=8 "-D__INT_LEAST16_FMTd__=\"hd\"" "-D__INT_LEAST16_FMTi__=\"hi\"" -D__INT_LEAST16_MAX__=32767 -D__INT_LEAST16_TYPE__=short -D__INT_LEAST16_WIDTH__=16 "-D__INT_LEAST32_FMTd__=\"d\"" "-D__INT_LEAST32_FMTi__=\"i\"" -D__INT_LEAST32_MAX__=2147483647 -D__INT_LEAST32_TYPE__=int -D__INT_LEAST32_WIDTH__=32 "-D__INT_LEAST64_FMTd__=\"lld\"" "-D__INT_LEAST64_FMTi__=\"lli\"" -D__INT_LEAST64_MAX__=9223372036854775807LL "-D__INT_LEAST64_TYPE__=long long int" -D__INT_LEAST64_WIDTH__=64 "-D__INT_LEAST8_FMTd__=\"hhd\"" "-D__INT_LEAST8_FMTi__=\"hhi\"" -D__INT_LEAST8_MAX__=127 "-D__INT_LEAST8_TYPE__=signed char" -D__INT_LEAST8_WIDTH__=8 -D__INT_MAX__=2147483647 -D__INT_WIDTH__=32 -D__LDBL_DECIMAL_DIG__=17 -D__LDBL_DENORM_MIN__=4.9406564584124654e-324L -D__LDBL_DIG__=15 -D__LDBL_EPSILON__=2.2204460492503131e-16L -D__LDBL_HAS_DENORM__=1 -D__LDBL_HAS_INFINITY__=1 -D__LDBL_HAS_QUIET_NAN__=1 -D__LDBL_MANT_DIG__=53 -D__LDBL_MAX_10_EXP__=308 -D__LDBL_MAX_EXP__=1024 -D__LDBL_MAX__=1.7976931348623157e+308L -D__LDBL_MIN_10_EXP__=(-307) -D__LDBL_MIN_EXP__=(-1021) -D__LDBL_MIN__=2.2250738585072014e-308L -D__LDBL_NORM_MAX__=1.7976931348623157e+308L -D__LITTLE_ENDIAN__=1 -D__LLONG_WIDTH__=64 -D__LONG_LONG_MAX__=9223372036854775807LL -D__LONG_MAX__=2147483647L -D__LONG_WIDTH__=32 -D__MEMORY_SCOPE_CLUSTR=5 -D__MEMORY_SCOPE_DEVICE=1 -D__MEMORY_SCOPE_SINGLE=4 -D__MEMORY_SCOPE_SYSTEM=0 -D__MEMORY_SCOPE_WRKGRP=2 -D__MEMORY_SCOPE_WVFRNT=3 -D__MMX__=1 -D__NO_INLINE__=1 -D__NO_MATH_INLINES=1 -D__OBJC_BOOL_IS_BOOL=0 -D__OPENCL_MEMORY_SCOPE_ALL_SVM_DEVICES=3 -D__OPENCL_MEMORY_SCOPE_DEVICE=2 -D__OPENCL_MEMORY_SCOPE_SUB_GROUP=4 -D__OPENCL_MEMORY_SCOPE_WORK_GROUP=1 -D__OPENCL_MEMORY_SCOPE_WORK_ITEM=0 -D__ORDER_BIG_ENDIAN__=4321 -D__ORDER_LITTLE_ENDIAN__=1234 -D__ORDER_PDP_ENDIAN__=3412 -D__PIC__=2 -D__POINTER_WIDTH__=64 -D__PRAGMA_REDEFINE_EXTNAME=1 "-D__PTRDIFF_FMTd__=\"lld\"" "-D__PTRDIFF_FMTi__=\"lli\"" -D__PTRDIFF_MAX__=9223372036854775807LL "-D__PTRDIFF_TYPE__=long long int" -D__PTRDIFF_WIDTH__=64 -D__REGISTER_PREFIX__= -D__SCHAR_MAX__=127 -D__SEG_FS=1 -D__SEG_GS=1 -D__SHRT_MAX__=32767 -D__SHRT_WIDTH__=16 -D__SIG_ATOMIC_MAX__=2147483647 -D__SIG_ATOMIC_WIDTH__=32 -D__SIZEOF_DOUBLE__=8 -D__SIZEOF_FLOAT__=4 -D__SIZEOF_INT128__=16 -D__SIZEOF_INT__=4 -D__SIZEOF_LONG_DOUBLE__=8 -D__SIZEOF_LONG_LONG__=8 -D__SIZEOF_LONG__=4 -D__SIZEOF_POINTER__=8 -D__SIZEOF_PTRDIFF_T__=8 -D__SIZEOF_SHORT__=2 -D__SIZEOF_SIZE_T__=8 -D__SIZEOF_WCHAR_T__=2 -D__SIZEOF_WINT_T__=2 "-D__SIZE_FMTX__=\"llX\"" "-D__SIZE_FMTo__=\"llo\"" "-D__SIZE_FMTu__=\"llu\"" "-D__SIZE_FMTx__=\"llx\"" -D__SIZE_MAX__=18446744073709551615ULL "-D__SIZE_TYPE__=long long unsigned int" -D__SIZE_WIDTH__=64 -D__SSE2_MATH__=1 -D__SSE2__=1 -D__SSE_MATH__=1 -D__SSE__=1 -D__STDC_EMBED_EMPTY__=2 -D__STDC_EMBED_FOUND__=1 -D__STDC_EMBED_NOT_FOUND__=0 -D__STDC_UTF_16__=1 -D__STDC_UTF_32__=1 -D__UINT16_C(c)=c -D__UINT16_C_SUFFIX__= "-D__UINT16_FMTX__=\"hX\"" "-D__UINT16_FMTo__=\"ho\"" "-D__UINT16_FMTu__=\"hu\"" "-D__UINT16_FMTx__=\"hx\"" -D__UINT16_MAX__=65535 "-D__UINT16_TYPE__=unsigned short" -D__UINT32_C(c)=c##U -D__UINT32_C_SUFFIX__=U "-D__UINT32_FMTX__=\"X\"" "-D__UINT32_FMTo__=\"o\"" "-D__UINT32_FMTu__=\"u\"" "-D__UINT32_FMTx__=\"x\"" -D__UINT32_MAX__=4294967295U "-D__UINT32_TYPE__=unsigned int" -D__UINT64_C(c)=c##ULL -D__UINT64_C_SUFFIX__=ULL "-D__UINT64_FMTX__=\"llX\"" "-D__UINT64_FMTo__=\"llo\"" "-D__UINT64_FMTu__=\"llu\"" "-D__UINT64_FMTx__=\"llx\"" -D__UINT64_MAX__=18446744073709551615ULL "-D__UINT64_TYPE__=long long unsigned int" -D__UINT8_C(c)=c -D__UINT8_C_SUFFIX__= "-D__UINT8_FMTX__=\"hhX\"" "-D__UINT8_FMTo__=\"hho\"" "-D__UINT8_FMTu__=\"hhu\"" "-D__UINT8_FMTx__=\"hhx\"" -D__UINT8_MAX__=255 "-D__UINT8_TYPE__=unsigned char" -D__UINTMAX_C(c)=c##ULL -D__UINTMAX_C_SUFFIX__=ULL "-D__UINTMAX_FMTX__=\"llX\"" "-D__UINTMAX_FMTo__=\"llo\"" "-D__UINTMAX_FMTu__=\"llu\"" "-D__UINTMAX_FMTx__=\"llx\"" -D__UINTMAX_MAX__=18446744073709551615ULL "-D__UINTMAX_TYPE__=long long unsigned int" -D__UINTMAX_WIDTH__=64 "-D__UINTPTR_FMTX__=\"llX\"" "-D__UINTPTR_FMTo__=\"llo\"" "-D__UINTPTR_FMTu__=\"llu\"" "-D__UINTPTR_FMTx__=\"llx\"" -D__UINTPTR_MAX__=18446744073709551615ULL "-D__UINTPTR_TYPE__=long long unsigned int" -D__UINTPTR_WIDTH__=64 "-D__UINT_FAST16_FMTX__=\"hX\"" "-D__UINT_FAST16_FMTo__=\"ho\"" "-D__UINT_FAST16_FMTu__=\"hu\"" "-D__UINT_FAST16_FMTx__=\"hx\"" -D__UINT_FAST16_MAX__=65535 "-D__UINT_FAST16_TYPE__=unsigned short" "-D__UINT_FAST32_FMTX__=\"X\"" "-D__UINT_FAST32_FMTo__=\"o\"" "-D__UINT_FAST32_FMTu__=\"u\"" "-D__UINT_FAST32_FMTx__=\"x\"" -D__UINT_FAST32_MAX__=4294967295U "-D__UINT_FAST32_TYPE__=unsigned int" "-D__UINT_FAST64_FMTX__=\"llX\"" "-D__UINT_FAST64_FMTo__=\"llo\"" "-D__UINT_FAST64_FMTu__=\"llu\"" "-D__UINT_FAST64_FMTx__=\"llx\"" -D__UINT_FAST64_MAX__=18446744073709551615ULL "-D__UINT_FAST64_TYPE__=long long unsigned int" "-D__UINT_FAST8_FMTX__=\"hhX\"" "-D__UINT_FAST8_FMTo__=\"hho\"" "-D__UINT_FAST8_FMTu__=\"hhu\"" "-D__UINT_FAST8_FMTx__=\"hhx\"" -D__UINT_FAST8_MAX__=255 "-D__UINT_FAST8_TYPE__=unsigned char" "-D__UINT_LEAST16_FMTX__=\"hX\"" "-D__UINT_LEAST16_FMTo__=\"ho\"" "-D__UINT_LEAST16_FMTu__=\"hu\"" "-D__UINT_LEAST16_FMTx__=\"hx\"" -D__UINT_LEAST16_MAX__=65535 "-D__UINT_LEAST16_TYPE__=unsigned short" "-D__UINT_LEAST32_FMTX__=\"X\"" "-D__UINT_LEAST32_FMTo__=\"o\"" "-D__UINT_LEAST32_FMTu__=\"u\"" "-D__UINT_LEAST32_FMTx__=\"x\"" -D__UINT_LEAST32_MAX__=4294967295U "-D__UINT_LEAST32_TYPE__=unsigned int" "-D__UINT_LEAST64_FMTX__=\"llX\"" "-D__UINT_LEAST64_FMTo__=\"llo\"" "-D__UINT_LEAST64_FMTu__=\"llu\"" "-D__UINT_LEAST64_FMTx__=\"llx\"" -D__UINT_LEAST64_MAX__=18446744073709551615ULL "-D__UINT_LEAST64_TYPE__=long long unsigned int" "-D__UINT_LEAST8_FMTX__=\"hhX\"" "-D__UINT_LEAST8_FMTo__=\"hho\"" "-D__UINT_LEAST8_FMTu__=\"hhu\"" "-D__UINT_LEAST8_FMTx__=\"hhx\"" -D__UINT_LEAST8_MAX__=255 "-D__UINT_LEAST8_TYPE__=unsigned char" -D__USER_LABEL_PREFIX__= "-D__VERSION__=\"Clang 22.1.2 (https://github.com/llvm/llvm-project 1ab49a973e210e97d61e5db6557180dcb92c3e98)\"" -D__WCHAR_MAX__=65535 "-D__WCHAR_TYPE__=unsigned short" -D__WCHAR_UNSIGNED__=1 -D__WCHAR_WIDTH__=16 -D__WINT_MAX__=65535 "-D__WINT_TYPE__=unsigned short" -D__WINT_UNSIGNED__=1 -D__WINT_WIDTH__=16 -D__amd64=1 -D__amd64__=1 -D__clang__=1 "-D__clang_literal_encoding__=\"UTF-8\"" -D__clang_major__=22 -D__clang_minor__=1 -D__clang_patchlevel__=2 "-D__clang_version__=\"22.1.2 (https://github.com/llvm/llvm-project 1ab49a973e210e97d61e5db6557180dcb92c3e98)\"" "-D__clang_wide_literal_encoding__=\"UTF-16\"" -D__code_model_small__=1 -D__k8=1 -D__k8__=1 -D__llvm__=1 -D__pic__=2 -D__seg_fs=__attribute__((address_space(257))) -D__seg_gs=__attribute__((address_space(256))) -D__tune_k8__=1 -D__x86_64=1 -D__x86_64__=1 "-D__private_extern__=extern __attribute__((visibility(\"hidden\")))" "-IC:\Program Files\LLVM\lib\clang\22\include" "-IC:\Program Files (x86)\Microsoft Visual Studio\18\BuildTools\VC\Tools\MSVC\14.50.35717\include" "-IC:\Program Files (x86)\Windows Kits\10\Include\10.0.26100.0\ucrt" "-IC:\Program Files (x86)\Windows Kits\10\Include\10.0.26100.0\shared" "-IC:\Program Files (x86)\Windows Kits\10\Include\10.0.26100.0\um" "-IC:\Program Files (x86)\Windows Kits\10\Include\10.0.26100.0\winrt" "-IC:\Program Files (x86)\Windows Kits\10\Include\10.0.26100.0\cppwinrt" -- bufff_overflow.c
[E 02:58:20 31400] CODEQL_EXTRACTOR_CPP_TRAP_CACHING is not set
[E 02:58:20 31400] CODEQL_EXTRACTOR_CPP_OPTION_TRAP_CACHE_WRITE is not set
[E 02:58:20 31400] CODEQL_EXTRACTOR_CPP_OPTION_TRAP_CACHE_DIR is not set
[E 02:58:20 31400] Initialising TRAP cache at path: \\?\C:\Users\user\Desktop\lab_doc\harmc\45\eab9\b9fb8e0804287c91b4be3903a858
[E 02:58:20 31400] Not using TRAP cache
[E 02:58:20 31400] TRAP cache miss
[E 02:58:20 31400] Starting compilation TRAP C:\Users\user\Desktop\lab_doc\harmc\codeql-db\trap\cpp/compilations/25/7762894_0.trap.zst
[E 02:58:20 31400] Archiving C:\Users\user\Desktop\lab_doc\harmc\codeql-db\src/C_/Users/user/Desktop/lab_doc/harmc/bufff_overflow.c
[E 02:58:20 31400] Archiving C:\Users\user\Desktop\lab_doc\harmc\codeql-db\src/C_/Program Files (x86)/Windows Kits/10/Include/10.0.26100.0/ucrt/stdlib.h
[E 02:58:20 31400] Archiving C:\Users\user\Desktop\lab_doc\harmc\codeql-db\src/C_/Program Files (x86)/Windows Kits/10/Include/10.0.26100.0/ucrt/corecrt.h
[E 02:58:20 31400] Archiving C:\Users\user\Desktop\lab_doc\harmc\codeql-db\src/C_/Program Files (x86)/Microsoft Visual Studio/18/BuildTools/VC/Tools/MSVC/14.50.35717/include/vcruntime.h
[E 02:58:20 31400] Archiving C:\Users\user\Desktop\lab_doc\harmc\codeql-db\src/C_/Program Files (x86)/Microsoft Visual Studio/18/BuildTools/VC/Tools/MSVC/14.50.35717/include/sal.h
[E 02:58:20 31400] Archiving C:\Users\user\Desktop\lab_doc\harmc\codeql-db\src/C_/Program Files (x86)/Microsoft Visual Studio/18/BuildTools/VC/Tools/MSVC/14.50.35717/include/concurrencysal.h
[E 02:58:20 31400] Archiving C:\Users\user\Desktop\lab_doc\harmc\codeql-db\src/C_/Program Files/LLVM/lib/clang/22/include/vadefs.h
[E 02:58:20 31400] Archiving C:\Users\user\Desktop\lab_doc\harmc\codeql-db\src/C_/Program Files (x86)/Microsoft Visual Studio/18/BuildTools/VC/Tools/MSVC/14.50.35717/include/vadefs.h
[E 02:58:20 31400] Archiving C:\Users\user\Desktop\lab_doc\harmc\codeql-db\src/C_/Program Files (x86)/Windows Kits/10/Include/10.0.26100.0/ucrt/corecrt_malloc.h
[E 02:58:20 31400] Archiving C:\Users\user\Desktop\lab_doc\harmc\codeql-db\src/C_/Program Files (x86)/Windows Kits/10/Include/10.0.26100.0/ucrt/corecrt_search.h
[E 02:58:20 31400] Archiving C:\Users\user\Desktop\lab_doc\harmc\codeql-db\src/C_/Program Files/LLVM/lib/clang/22/include/stddef.h
[E 02:58:20 31400] Archiving C:\Users\user\Desktop\lab_doc\harmc\codeql-db\src/C_/Program Files/LLVM/lib/clang/22/include/__stddef_header_macro.h
[E 02:58:20 31400] Archiving C:\Users\user\Desktop\lab_doc\harmc\codeql-db\src/C_/Program Files/LLVM/lib/clang/22/include/__stddef_ptrdiff_t.h
[E 02:58:21 31400] Archiving C:\Users\user\Desktop\lab_doc\harmc\codeql-db\src/C_/Program Files/LLVM/lib/clang/22/include/__stddef_size_t.h
[E 02:58:21 31400] Archiving C:\Users\user\Desktop\lab_doc\harmc\codeql-db\src/C_/Program Files/LLVM/lib/clang/22/include/__stddef_wchar_t.h
[E 02:58:21 31400] Archiving C:\Users\user\Desktop\lab_doc\harmc\codeql-db\src/C_/Program Files/LLVM/lib/clang/22/include/__stddef_null.h
[E 02:58:21 31400] Archiving C:\Users\user\Desktop\lab_doc\harmc\codeql-db\src/C_/Program Files/LLVM/lib/clang/22/include/__stddef_max_align_t.h
[E 02:58:21 31400] Archiving C:\Users\user\Desktop\lab_doc\harmc\codeql-db\src/C_/Program Files/LLVM/lib/clang/22/include/__stddef_offsetof.h
[E 02:58:21 31400] Archiving C:\Users\user\Desktop\lab_doc\harmc\codeql-db\src/C_/Program Files (x86)/Windows Kits/10/Include/10.0.26100.0/ucrt/corecrt_wstdlib.h
[E 02:58:21 31400] Archiving C:\Users\user\Desktop\lab_doc\harmc\codeql-db\src/C_/Program Files/LLVM/lib/clang/22/include/limits.h
[E 02:58:21 31400] Archiving C:\Users\user\Desktop\lab_doc\harmc\codeql-db\src/C_/Program Files (x86)/Microsoft Visual Studio/18/BuildTools/VC/Tools/MSVC/14.50.35717/include/limits.h
[E 02:58:21 31400] Archiving C:\Users\user\Desktop\lab_doc\harmc\codeql-db\src/C_/Program Files (x86)/Windows Kits/10/Include/10.0.26100.0/ucrt/string.h
[E 02:58:21 31400] Archiving C:\Users\user\Desktop\lab_doc\harmc\codeql-db\src/C_/Program Files (x86)/Windows Kits/10/Include/10.0.26100.0/ucrt/corecrt_memory.h
[E 02:58:21 31400] Archiving C:\Users\user\Desktop\lab_doc\harmc\codeql-db\src/C_/Program Files (x86)/Windows Kits/10/Include/10.0.26100.0/ucrt/corecrt_memcpy_s.h
[E 02:58:21 31400] Archiving C:\Users\user\Desktop\lab_doc\harmc\codeql-db\src/C_/Program Files (x86)/Windows Kits/10/Include/10.0.26100.0/ucrt/errno.h
[E 02:58:21 31400] Archiving C:\Users\user\Desktop\lab_doc\harmc\codeql-db\src/C_/Program Files (x86)/Microsoft Visual Studio/18/BuildTools/VC/Tools/MSVC/14.50.35717/include/vcruntime_string.h
[E 02:58:21 31400] Archiving C:\Users\user\Desktop\lab_doc\harmc\codeql-db\src/C_/Program Files (x86)/Windows Kits/10/Include/10.0.26100.0/ucrt/corecrt_wstring.h
[E 02:58:21 31400] Warning[extractor-c++]: In emit_platform_diagnostic: Failed to rename diagnostic file from 'C:\Users\user\Desktop\lab_doc\harmc\codeql-db\diagnostic\extractors\cpp\platform.11263779078285517235.jsonl.31400' to 'C:\Users\user\Desktop\lab_doc\harmc\codeql-db\diagnostic\extractors\cpp\platform.11263779078285517235.jsonl': 另一个程序正在使用此文件，进程无法访问。
[E 02:58:21 31400] Creating trap tarball C:\Users\user\Desktop\lab_doc\harmc\codeql-db\trap\cpp/tarballs/C_/Users/user/Desktop/lab_doc/harmc/bufff_overflow.c.5da8ac53_0.trap.tar.zst
[E 02:58:21 31400] Emitting trap files for bufff_overflow.c
[E 02:58:21 31400] Opening existencedb in \\?\C:\Users\user\Desktop\lab_doc\harmc\codeql-db\working\existencedb\db
[E 02:58:21 31400] Wrote 28 files to C:\Users\user\Desktop\lab_doc\harmc\codeql-db\trap\cpp/tarballs/C_/Users/user/Desktop/lab_doc/harmc/bufff_overflow.c.5da8ac53_0.trap.tar.zst
[E 02:58:21 31400] Finished compilation TRAP C:\Users\user\Desktop\lab_doc\harmc\codeql-db\trap\cpp/compilations/25/7762894_0.trap.zst
[E 02:58:21 31400] Marking C compilation as happened.
[E 02:58:21 31400] Setting tag c-compilation-happened
[E 02:58:21 31400] Starting from CODEQL_TRACER_DB_ID 031E2F8000008AC4_0000000000000001
[E 02:58:21 31400] Locking DB C:\Users\user\Desktop\lab_doc\harmc\codeql-db\working/tags.db
[E 02:58:21 31400] Locked DB C:\Users\user\Desktop\lab_doc\harmc\codeql-db\working/tags.db
[E 02:58:21 31400] Set tag for 031E2F8000008AC4_0000000000000001
[E 02:58:21 31400] Set tag for DDE26A6E00004138_0000000000000001
[E 02:58:21 31400] Set tag for C7FF4251000066BC_0000000000000001
[E 02:58:21 31400] Unlocking DB
[E 02:58:21 31400] Unlocked DB
[E 02:58:21 31400] Extractor exited successfully
